
> frontend@0.1.0 test /Users/aliciali/Desktop/eng404_frontend
> react-scripts test "--watchAll=false" "--runInBand"

FAIL src/AppExtra.test.js
  ● Console

    console.error
      `ReactDOMTestUtils.act` is deprecated in favor of `React.act`. Import `act` from `react` instead of `react-dom/test-utils`. See https://react.dev/warnings/react-dom-test-utils for more info.

    [0m [90m 20 |[39m
     [90m 21 |[39m   test([32m"renders API base input field"[39m[33m,[39m () [33m=>[39m {
    [31m[1m>[22m[39m[90m 22 |[39m     render([33m<[39m[33mApp[39m [33m/[39m[33m>[39m)[33m;[39m
     [90m    |[39m           [31m[1m^[22m[39m
     [90m 23 |[39m
     [90m 24 |[39m     [36mconst[39m input [33m=[39m screen[33m.[39mgetByPlaceholderText([32m"http://localhost:8000"[39m)[33m;[39m
     [90m 25 |[39m     expect(input)[33m.[39mtoBeInTheDocument()[33m;[39m[0m

      at Object.<anonymous>.process.env.NODE_ENV.exports.act (node_modules/react-dom/cjs/react-dom-test-utils.development.js:19:17)
      at node_modules/@testing-library/react/dist/act-compat.js:63:25
      at renderRoot (node_modules/@testing-library/react/dist/pure.js:159:26)
      at render (node_modules/@testing-library/react/dist/pure.js:246:10)
      at Object.<anonymous> (src/AppExtra.test.js:22:11)

  ● Extra tests for App › renders API base input field

    TestingLibraryElementError: Unable to find an element with the placeholder text of: http://localhost:8000

    Ignored nodes: comments, script, style
    [36m<body>[39m
      [36m<div>[39m
        [36m<div[39m
          [33mclass[39m=[32m"app-shell"[39m
        [36m>[39m
          [36m<header[39m
            [33mclass[39m=[32m"topbar"[39m
          [36m>[39m
            [36m<div[39m
              [33mclass[39m=[32m"topbar-left"[39m
            [36m>[39m
              [36m<div[39m
                [33mclass[39m=[32m"hero-badge"[39m
              [36m>[39m
                [0mENG404[0m
              [36m</div>[39m
              [36m<h1[39m
                [33mclass[39m=[32m"topbar-title"[39m
              [36m>[39m
                [0mUS Geography API[0m
              [36m</h1>[39m
            [36m</div>[39m
            [36m<div[39m
              [33mclass[39m=[32m"tabs"[39m
            [36m>[39m
              [36m<button[39m
                [33mclass[39m=[32m"tab-btn active"[39m
              [36m>[39m
                [0mIntro[0m
              [36m</button>[39m
              [36m<button[39m
                [33mclass[39m=[32m"tab-btn "[39m
              [36m>[39m
                [0mHealth[0m
              [36m</button>[39m
              [36m<button[39m
                [33mclass[39m=[32m"tab-btn "[39m
              [36m>[39m
                [0mExplorer[0m
              [36m</button>[39m
            [36m</div>[39m
          [36m</header>[39m
          [36m<section[39m
            [33mclass[39m=[32m"tab-page"[39m
          [36m>[39m
            [36m<section[39m
              [33mclass[39m=[32m"intro-section"[39m
            [36m>[39m
              [36m<div>[39m
                [36m<h2[39m
                  [33mclass[39m=[32m"hero-title"[39m
                [36m>[39m
                  [0mWelcome to the ENG404 geography dashboard[0m
                [36m</h2>[39m
                [36m<p[39m
                  [33mclass[39m=[32m"hero-copy"[39m
                [36m>[39m
                  [0mThis frontend lets you check server status, browse state records, search cities, view geographic data on a map, and compare selected cities.[0m
                [36m</p>[39m
                [36m<div[39m
                  [33mclass[39m=[32m"hero-actions intro-pills"[39m
                [36m>[39m
                  [36m<span[39m
                    [33mclass[39m=[32m"pill"[39m
                  [36m>[39m
                    [0mActive base: [0m
                    [0mhttp://localhost:8000[0m
                  [36m</span>[39m
                  [36m<span[39m
                    [33mclass[39m=[32m"pill pill-quiet"[39m
                  [36m>[39m
                    [0m3 endpoints wired[0m
                  [36m</span>[39m
                [36m</div>[39m
                [36m<div[39m
                  [33mclass[39m=[32m"intro-action-row"[39m
                [36m>[39m
                  [36m<button[39m
                    [33mclass[39m=[32m"btn"[39m
                  [36m>[39m
                    [0mGo to Server Health[0m
                  [36m</button>[39m
                  [36m<button[39m
                    [33mclass[39m=[32m"btn btn-ghost"[39m
                  [36m>[39m
                    [0mOpen Data Explorer[0m
                  [36m</button>[39m
                [36m</div>[39m
              [36m</div>[39m
              [36m<div[39m
                [33mclass[39m=[32m"intro-feature-grid"[39m
              [36m>[39m
                [36m<div[39m
                  [33mclass[39m=[32m"intro-feature-card"[39m
                [36m>[39m
                  [36m<h3>[39m
                    [0mServer Health[0m
                  [36m</h3>[39m
                  [36m<p>[39m
                    [0mTest backend availability, measure latency, and verify your API base.[0m
                  [36m</p>[39m
                [36m</div>[39m
                [36m<div[39m
                  [33mclass[39m=[32m"intro-feature-card"[39m
                [36m>[39m
                  [36m<h3>[39m
                    [0mMap + State Catalog[0m
                  [36m</h3>[39m
                  [36m<p>[39m
                    [0mClick state markers, browse records, and inspect data from the backend.[0m
                  [36m</p>[39m
                [36m</div>[39m
                [36m<div[39m
                  [33mclass[39m=[32m"intro-feature-card"[39m
                [36m>[39m
                  [36m<h3>[39m
                    [0mCity Search + Compare[0m
                  [36m</h3>[39m
                  [36m<p>[39m
                    [0mSearch by state, filter results, and compare up to three cities.[0m
                  [36m</p>[39m
                [36m</div>[39m
              [36m</div>[39m
            [36m</section>[39m
          [36m</section>[39m
        [36m</div>[39m
      [36m</div>[39m
    [36m</body>[39m

    [0m [90m 22 |[39m     render([33m<[39m[33mApp[39m [33m/[39m[33m>[39m)[33m;[39m
     [90m 23 |[39m
    [31m[1m>[22m[39m[90m 24 |[39m     [36mconst[39m input [33m=[39m screen[33m.[39mgetByPlaceholderText([32m"http://localhost:8000"[39m)[33m;[39m
     [90m    |[39m                          [31m[1m^[22m[39m
     [90m 25 |[39m     expect(input)[33m.[39mtoBeInTheDocument()[33m;[39m
     [90m 26 |[39m   })[33m;[39m
     [90m 27 |[39m[0m

      at Object.getElementError (node_modules/@testing-library/dom/dist/config.js:37:19)
      at node_modules/@testing-library/dom/dist/query-helpers.js:76:38
      at node_modules/@testing-library/dom/dist/query-helpers.js:52:17
      at getByPlaceholderText (node_modules/@testing-library/dom/dist/query-helpers.js:95:19)
      at Object.<anonymous> (src/AppExtra.test.js:24:26)

  ● Extra tests for App › renders Apply & ping button

    TestingLibraryElementError: Unable to find an element with the text: /apply & ping/i. This could be because the text is broken up by multiple elements. In this case, you can provide a function for your text matcher to make your matcher more flexible.

    Ignored nodes: comments, script, style
    [36m<body>[39m
      [36m<div>[39m
        [36m<div[39m
          [33mclass[39m=[32m"app-shell"[39m
        [36m>[39m
          [36m<header[39m
            [33mclass[39m=[32m"topbar"[39m
          [36m>[39m
            [36m<div[39m
              [33mclass[39m=[32m"topbar-left"[39m
            [36m>[39m
              [36m<div[39m
                [33mclass[39m=[32m"hero-badge"[39m
              [36m>[39m
                [0mENG404[0m
              [36m</div>[39m
              [36m<h1[39m
                [33mclass[39m=[32m"topbar-title"[39m
              [36m>[39m
                [0mUS Geography API[0m
              [36m</h1>[39m
            [36m</div>[39m
            [36m<div[39m
              [33mclass[39m=[32m"tabs"[39m
            [36m>[39m
              [36m<button[39m
                [33mclass[39m=[32m"tab-btn active"[39m
              [36m>[39m
                [0mIntro[0m
              [36m</button>[39m
              [36m<button[39m
                [33mclass[39m=[32m"tab-btn "[39m
              [36m>[39m
                [0mHealth[0m
              [36m</button>[39m
              [36m<button[39m
                [33mclass[39m=[32m"tab-btn "[39m
              [36m>[39m
                [0mExplorer[0m
              [36m</button>[39m
            [36m</div>[39m
          [36m</header>[39m
          [36m<section[39m
            [33mclass[39m=[32m"tab-page"[39m
          [36m>[39m
            [36m<section[39m
              [33mclass[39m=[32m"intro-section"[39m
            [36m>[39m
              [36m<div>[39m
                [36m<h2[39m
                  [33mclass[39m=[32m"hero-title"[39m
                [36m>[39m
                  [0mWelcome to the ENG404 geography dashboard[0m
                [36m</h2>[39m
                [36m<p[39m
                  [33mclass[39m=[32m"hero-copy"[39m
                [36m>[39m
                  [0mThis frontend lets you check server status, browse state records, search cities, view geographic data on a map, and compare selected cities.[0m
                [36m</p>[39m
                [36m<div[39m
                  [33mclass[39m=[32m"hero-actions intro-pills"[39m
                [36m>[39m
                  [36m<span[39m
                    [33mclass[39m=[32m"pill"[39m
                  [36m>[39m
                    [0mActive base: [0m
                    [0mhttp://localhost:8000[0m
                  [36m</span>[39m
                  [36m<span[39m
                    [33mclass[39m=[32m"pill pill-quiet"[39m
                  [36m>[39m
                    [0m3 endpoints wired[0m
                  [36m</span>[39m
                [36m</div>[39m
                [36m<div[39m
                  [33mclass[39m=[32m"intro-action-row"[39m
                [36m>[39m
                  [36m<button[39m
                    [33mclass[39m=[32m"btn"[39m
                  [36m>[39m
                    [0mGo to Server Health[0m
                  [36m</button>[39m
                  [36m<button[39m
                    [33mclass[39m=[32m"btn btn-ghost"[39m
                  [36m>[39m
                    [0mOpen Data Explorer[0m
                  [36m</button>[39m
                [36m</div>[39m
              [36m</div>[39m
              [36m<div[39m
                [33mclass[39m=[32m"intro-feature-grid"[39m
              [36m>[39m
                [36m<div[39m
                  [33mclass[39m=[32m"intro-feature-card"[39m
                [36m>[39m
                  [36m<h3>[39m
                    [0mServer Health[0m
                  [36m</h3>[39m
                  [36m<p>[39m
                    [0mTest backend availability, measure latency, and verify your API base.[0m
                  [36m</p>[39m
                [36m</div>[39m
                [36m<div[39m
                  [33mclass[39m=[32m"intro-feature-card"[39m
                [36m>[39m
                  [36m<h3>[39m
                    [0mMap + State Catalog[0m
                  [36m</h3>[39m
                  [36m<p>[39m
                    [0mClick state markers, browse records, and inspect data from the backend.[0m
                  [36m</p>[39m
                [36m</div>[39m
                [36m<div[39m
                  [33mclass[39m=[32m"intro-feature-card"[39m
                [36m>[39m
                  [36m<h3>[39m
                    [0mCity Search + Compare[0m
                  [36m</h3>[39m
                  [36m<p>[39m
                    [0mSearch by state, filter results, and compare up to three cities.[0m
                  [36m</p>[39m
                [36m</div>[39m
              [36m</div>[39m
            [36m</section>[39m
          [36m</section>[39m
        [36m</div>[39m
      [36m</div>[39m
    [36m</body>[39m

    [0m [90m 29 |[39m     render([33m<[39m[33mApp[39m [33m/[39m[33m>[39m)[33m;[39m
     [90m 30 |[39m
    [31m[1m>[22m[39m[90m 31 |[39m     [36mconst[39m button [33m=[39m screen[33m.[39mgetByText([35m/apply & ping/i[39m)[33m;[39m
     [90m    |[39m                           [31m[1m^[22m[39m
     [90m 32 |[39m     expect(button)[33m.[39mtoBeInTheDocument()[33m;[39m
     [90m 33 |[39m   })[33m;[39m
     [90m 34 |[39m[0m

      at Object.getElementError (node_modules/@testing-library/dom/dist/config.js:37:19)
      at node_modules/@testing-library/dom/dist/query-helpers.js:76:38
      at node_modules/@testing-library/dom/dist/query-helpers.js:52:17
      at getByText (node_modules/@testing-library/dom/dist/query-helpers.js:95:19)
      at Object.<anonymous> (src/AppExtra.test.js:31:27)

  ● Extra tests for App › renders Clear button in city controls

    TestingLibraryElementError: Unable to find an element with the text: /clear/i. This could be because the text is broken up by multiple elements. In this case, you can provide a function for your text matcher to make your matcher more flexible.

    Ignored nodes: comments, script, style
    [36m<body>[39m
      [36m<div>[39m
        [36m<div[39m
          [33mclass[39m=[32m"app-shell"[39m
        [36m>[39m
          [36m<header[39m
            [33mclass[39m=[32m"topbar"[39m
          [36m>[39m
            [36m<div[39m
              [33mclass[39m=[32m"topbar-left"[39m
            [36m>[39m
              [36m<div[39m
                [33mclass[39m=[32m"hero-badge"[39m
              [36m>[39m
                [0mENG404[0m
              [36m</div>[39m
              [36m<h1[39m
                [33mclass[39m=[32m"topbar-title"[39m
              [36m>[39m
                [0mUS Geography API[0m
              [36m</h1>[39m
            [36m</div>[39m
            [36m<div[39m
              [33mclass[39m=[32m"tabs"[39m
            [36m>[39m
              [36m<button[39m
                [33mclass[39m=[32m"tab-btn active"[39m
              [36m>[39m
                [0mIntro[0m
              [36m</button>[39m
              [36m<button[39m
                [33mclass[39m=[32m"tab-btn "[39m
              [36m>[39m
                [0mHealth[0m
              [36m</button>[39m
              [36m<button[39m
                [33mclass[39m=[32m"tab-btn "[39m
              [36m>[39m
                [0mExplorer[0m
              [36m</button>[39m
            [36m</div>[39m
          [36m</header>[39m
          [36m<section[39m
            [33mclass[39m=[32m"tab-page"[39m
          [36m>[39m
            [36m<section[39m
              [33mclass[39m=[32m"intro-section"[39m
            [36m>[39m
              [36m<div>[39m
                [36m<h2[39m
                  [33mclass[39m=[32m"hero-title"[39m
                [36m>[39m
                  [0mWelcome to the ENG404 geography dashboard[0m
                [36m</h2>[39m
                [36m<p[39m
                  [33mclass[39m=[32m"hero-copy"[39m
                [36m>[39m
                  [0mThis frontend lets you check server status, browse state records, search cities, view geographic data on a map, and compare selected cities.[0m
                [36m</p>[39m
                [36m<div[39m
                  [33mclass[39m=[32m"hero-actions intro-pills"[39m
                [36m>[39m
                  [36m<span[39m
                    [33mclass[39m=[32m"pill"[39m
                  [36m>[39m
                    [0mActive base: [0m
                    [0mhttp://localhost:8000[0m
                  [36m</span>[39m
                  [36m<span[39m
                    [33mclass[39m=[32m"pill pill-quiet"[39m
                  [36m>[39m
                    [0m3 endpoints wired[0m
                  [36m</span>[39m
                [36m</div>[39m
                [36m<div[39m
                  [33mclass[39m=[32m"intro-action-row"[39m
                [36m>[39m
                  [36m<button[39m
                    [33mclass[39m=[32m"btn"[39m
                  [36m>[39m
                    [0mGo to Server Health[0m
                  [36m</button>[39m
                  [36m<button[39m
                    [33mclass[39m=[32m"btn btn-ghost"[39m
                  [36m>[39m
                    [0mOpen Data Explorer[0m
                  [36m</button>[39m
                [36m</div>[39m
              [36m</div>[39m
              [36m<div[39m
                [33mclass[39m=[32m"intro-feature-grid"[39m
              [36m>[39m
                [36m<div[39m
                  [33mclass[39m=[32m"intro-feature-card"[39m
                [36m>[39m
                  [36m<h3>[39m
                    [0mServer Health[0m
                  [36m</h3>[39m
                  [36m<p>[39m
                    [0mTest backend availability, measure latency, and verify your API base.[0m
                  [36m</p>[39m
                [36m</div>[39m
                [36m<div[39m
                  [33mclass[39m=[32m"intro-feature-card"[39m
                [36m>[39m
                  [36m<h3>[39m
                    [0mMap + State Catalog[0m
                  [36m</h3>[39m
                  [36m<p>[39m
                    [0mClick state markers, browse records, and inspect data from the backend.[0m
                  [36m</p>[39m
                [36m</div>[39m
                [36m<div[39m
                  [33mclass[39m=[32m"intro-feature-card"[39m
                [36m>[39m
                  [36m<h3>[39m
                    [0mCity Search + Compare[0m
                  [36m</h3>[39m
                  [36m<p>[39m
                    [0mSearch by state, filter results, and compare up to three cities.[0m
                  [36m</p>[39m
                [36m</div>[39m
              [36m</div>[39m
            [36m</section>[39m
          [36m</section>[39m
        [36m</div>[39m
      [36m</div>[39m
    [36m</body>[39m

    [0m [90m 36 |[39m     render([33m<[39m[33mApp[39m [33m/[39m[33m>[39m)[33m;[39m
     [90m 37 |[39m
    [31m[1m>[22m[39m[90m 38 |[39m     [36mconst[39m clearButton [33m=[39m screen[33m.[39mgetByText([35m/clear/i[39m)[33m;[39m
     [90m    |[39m                                [31m[1m^[22m[39m
     [90m 39 |[39m     expect(clearButton)[33m.[39mtoBeInTheDocument()[33m;[39m
     [90m 40 |[39m   })[33m;[39m
     [90m 41 |[39m[0m

      at Object.getElementError (node_modules/@testing-library/dom/dist/config.js:37:19)
      at node_modules/@testing-library/dom/dist/query-helpers.js:76:38
      at node_modules/@testing-library/dom/dist/query-helpers.js:52:17
      at getByText (node_modules/@testing-library/dom/dist/query-helpers.js:95:19)
      at Object.<anonymous> (src/AppExtra.test.js:38:32)

PASS src/AppBehavior.test.js
  ● Console

    console.error
      `ReactDOMTestUtils.act` is deprecated in favor of `React.act`. Import `act` from `react` instead of `react-dom/test-utils`. See https://react.dev/warnings/react-dom-test-utils for more info.

    [0m [90m 90 |[39m   })[33m;[39m
     [90m 91 |[39m
    [31m[1m>[22m[39m[90m 92 |[39m   render([33m<[39m[33mApp[39m [33m/[39m[33m>[39m)[33m;[39m
     [90m    |[39m         [31m[1m^[22m[39m
     [90m 93 |[39m
     [90m 94 |[39m   [36mawait[39m waitFor(() [33m=>[39m {
     [90m 95 |[39m     expect(fetch)[33m.[39mtoHaveBeenCalledWith([32m"http://api.example.com/cities?state_code=NY&limit=10"[39m)[33m;[39m[0m

      at Object.<anonymous>.process.env.NODE_ENV.exports.act (node_modules/react-dom/cjs/react-dom-test-utils.development.js:19:17)
      at node_modules/@testing-library/react/dist/act-compat.js:63:25
      at renderRoot (node_modules/@testing-library/react/dist/pure.js:159:26)
      at render (node_modules/@testing-library/react/dist/pure.js:246:10)
      at Object.<anonymous> (src/AppBehavior.test.js:92:9)

    console.error
      An update to App inside a test was not wrapped in act(...).
      
      When testing, code that causes React state updates should be wrapped into act(...):
      
      act(() => {
        /* fire events that update state */
      });
      /* assert on the output */
      
      This ensures that you're testing the behavior the user would see in the browser. Learn more at https://react.dev/link/wrap-tests-with-act

    [0m [90m 198 |[39m     setStatesErr([36mnull[39m)[33m;[39m
     [90m 199 |[39m     [36mtry[39m {
    [31m[1m>[22m[39m[90m 200 |[39m       setStatesResp([36mawait[39m fetchJson(apiBase[33m,[39m [32m"/state/read"[39m))[33m;[39m
     [90m     |[39m       [31m[1m^[22m[39m
     [90m 201 |[39m       setLastTouched((prev) [33m=>[39m ({ [33m...[39mprev[33m,[39m states[33m:[39m [36mnew[39m [33mDate[39m() }))[33m;[39m
     [90m 202 |[39m     } [36mcatch[39m (e) {
     [90m 203 |[39m       setStatesErr(e[33m.[39mmessage)[33m;[39m[0m

      at node_modules/react-dom/cjs/react-dom-client.development.js:18758:19
      at runWithFiberInDEV (node_modules/react-dom/cjs/react-dom-client.development.js:874:13)
      at warnIfUpdatesNotWrappedWithActDEV (node_modules/react-dom/cjs/react-dom-client.development.js:18757:9)
      at scheduleUpdateOnFiber (node_modules/react-dom/cjs/react-dom-client.development.js:16409:11)
      at dispatchSetStateInternal (node_modules/react-dom/cjs/react-dom-client.development.js:9170:13)
      at setStatesResp (node_modules/react-dom/cjs/react-dom-client.development.js:9127:7)
      at src/App.js:200:7

    console.error
      An update to App inside a test was not wrapped in act(...).
      
      When testing, code that causes React state updates should be wrapped into act(...):
      
      act(() => {
        /* fire events that update state */
      });
      /* assert on the output */
      
      This ensures that you're testing the behavior the user would see in the browser. Learn more at https://react.dev/link/wrap-tests-with-act

    [0m [90m 199 |[39m     [36mtry[39m {
     [90m 200 |[39m       setStatesResp([36mawait[39m fetchJson(apiBase[33m,[39m [32m"/state/read"[39m))[33m;[39m
    [31m[1m>[22m[39m[90m 201 |[39m       setLastTouched((prev) [33m=>[39m ({ [33m...[39mprev[33m,[39m states[33m:[39m [36mnew[39m [33mDate[39m() }))[33m;[39m
     [90m     |[39m       [31m[1m^[22m[39m
     [90m 202 |[39m     } [36mcatch[39m (e) {
     [90m 203 |[39m       setStatesErr(e[33m.[39mmessage)[33m;[39m
     [90m 204 |[39m       setGlobalError([33mERROR_MESSAGES[39m[33m.[39m[33mFETCH_ERROR[39m)[33m;[39m[0m

      at node_modules/react-dom/cjs/react-dom-client.development.js:18758:19
      at runWithFiberInDEV (node_modules/react-dom/cjs/react-dom-client.development.js:874:13)
      at warnIfUpdatesNotWrappedWithActDEV (node_modules/react-dom/cjs/react-dom-client.development.js:18757:9)
      at scheduleUpdateOnFiber (node_modules/react-dom/cjs/react-dom-client.development.js:16409:11)
      at dispatchSetStateInternal (node_modules/react-dom/cjs/react-dom-client.development.js:9170:13)
      at setLastTouched (node_modules/react-dom/cjs/react-dom-client.development.js:9127:7)
      at src/App.js:201:7

    console.error
      An update to App inside a test was not wrapped in act(...).
      
      When testing, code that causes React state updates should be wrapped into act(...):
      
      act(() => {
        /* fire events that update state */
      });
      /* assert on the output */
      
      This ensures that you're testing the behavior the user would see in the browser. Learn more at https://react.dev/link/wrap-tests-with-act

    [0m [90m 204 |[39m       setGlobalError([33mERROR_MESSAGES[39m[33m.[39m[33mFETCH_ERROR[39m)[33m;[39m
     [90m 205 |[39m     } [36mfinally[39m {
    [31m[1m>[22m[39m[90m 206 |[39m     setLoadingStates([36mfalse[39m)[33m;[39m
     [90m     |[39m     [31m[1m^[22m[39m
     [90m 207 |[39m     }
     [90m 208 |[39m   }[33m,[39m [apiBase])[33m;[39m
     [90m 209 |[39m[0m

      at node_modules/react-dom/cjs/react-dom-client.development.js:18758:19
      at runWithFiberInDEV (node_modules/react-dom/cjs/react-dom-client.development.js:874:13)
      at warnIfUpdatesNotWrappedWithActDEV (node_modules/react-dom/cjs/react-dom-client.development.js:18757:9)
      at scheduleUpdateOnFiber (node_modules/react-dom/cjs/react-dom-client.development.js:16409:11)
      at dispatchSetStateInternal (node_modules/react-dom/cjs/react-dom-client.development.js:9170:13)
      at setLoadingStates (node_modules/react-dom/cjs/react-dom-client.development.js:9127:7)
      at src/App.js:206:5

    console.error
      An update to App inside a test was not wrapped in act(...).
      
      When testing, code that causes React state updates should be wrapped into act(...):
      
      act(() => {
        /* fire events that update state */
      });
      /* assert on the output */
      
      This ensures that you're testing the behavior the user would see in the browser. Learn more at https://react.dev/link/wrap-tests-with-act

    [0m [90m 217 |[39m       [36mconst[39m results [33m=[39m [33mArray[39m[33m.[39misArray(data) [33m?[39m data [33m:[39m data[33m?[39m[33m.[39mcities [33m||[39m data[33m?[39m[33m.[39mresults [33m||[39m [][33m;[39m
     [90m 218 |[39m   
    [31m[1m>[22m[39m[90m 219 |[39m       setCities(data)[33m;[39m
     [90m     |[39m       [31m[1m^[22m[39m
     [90m 220 |[39m       setMapCities(results)[33m;[39m
     [90m 221 |[39m   
     [90m 222 |[39m       [36mconst[39m code [33m=[39m stateCode[33m.[39mtrim()[33m.[39mtoUpperCase()[33m;[39m[0m

      at node_modules/react-dom/cjs/react-dom-client.development.js:18758:19
      at runWithFiberInDEV (node_modules/react-dom/cjs/react-dom-client.development.js:874:13)
      at warnIfUpdatesNotWrappedWithActDEV (node_modules/react-dom/cjs/react-dom-client.development.js:18757:9)
      at scheduleUpdateOnFiber (node_modules/react-dom/cjs/react-dom-client.development.js:16409:11)
      at dispatchSetStateInternal (node_modules/react-dom/cjs/react-dom-client.development.js:9170:13)
      at setCities (node_modules/react-dom/cjs/react-dom-client.development.js:9127:7)
      at src/App.js:219:7

    console.error
      An update to App inside a test was not wrapped in act(...).
      
      When testing, code that causes React state updates should be wrapped into act(...):
      
      act(() => {
        /* fire events that update state */
      });
      /* assert on the output */
      
      This ensures that you're testing the behavior the user would see in the browser. Learn more at https://react.dev/link/wrap-tests-with-act

    [0m [90m 218 |[39m   
     [90m 219 |[39m       setCities(data)[33m;[39m
    [31m[1m>[22m[39m[90m 220 |[39m       setMapCities(results)[33m;[39m
     [90m     |[39m       [31m[1m^[22m[39m
     [90m 221 |[39m   
     [90m 222 |[39m       [36mconst[39m code [33m=[39m stateCode[33m.[39mtrim()[33m.[39mtoUpperCase()[33m;[39m
     [90m 223 |[39m       [36mif[39m (code) {[0m

      at node_modules/react-dom/cjs/react-dom-client.development.js:18758:19
      at runWithFiberInDEV (node_modules/react-dom/cjs/react-dom-client.development.js:874:13)
      at warnIfUpdatesNotWrappedWithActDEV (node_modules/react-dom/cjs/react-dom-client.development.js:18757:9)
      at scheduleUpdateOnFiber (node_modules/react-dom/cjs/react-dom-client.development.js:16409:11)
      at dispatchSetStateInternal (node_modules/react-dom/cjs/react-dom-client.development.js:9170:13)
      at setMapCities (node_modules/react-dom/cjs/react-dom-client.development.js:9127:7)
      at src/App.js:220:7

    console.error
      An update to App inside a test was not wrapped in act(...).
      
      When testing, code that causes React state updates should be wrapped into act(...):
      
      act(() => {
        /* fire events that update state */
      });
      /* assert on the output */
      
      This ensures that you're testing the behavior the user would see in the browser. Learn more at https://react.dev/link/wrap-tests-with-act

    [0m [90m 222 |[39m       [36mconst[39m code [33m=[39m stateCode[33m.[39mtrim()[33m.[39mtoUpperCase()[33m;[39m
     [90m 223 |[39m       [36mif[39m (code) {
    [31m[1m>[22m[39m[90m 224 |[39m         setSelectedMapState(code)[33m;[39m
     [90m     |[39m         [31m[1m^[22m[39m
     [90m 225 |[39m       }
     [90m 226 |[39m   
     [90m 227 |[39m       setVisibleCount([35m10[39m)[33m;[39m[0m

      at node_modules/react-dom/cjs/react-dom-client.development.js:18758:19
      at runWithFiberInDEV (node_modules/react-dom/cjs/react-dom-client.development.js:874:13)
      at warnIfUpdatesNotWrappedWithActDEV (node_modules/react-dom/cjs/react-dom-client.development.js:18757:9)
      at scheduleUpdateOnFiber (node_modules/react-dom/cjs/react-dom-client.development.js:16409:11)
      at dispatchSetStateInternal (node_modules/react-dom/cjs/react-dom-client.development.js:9170:13)
      at setSelectedMapState (node_modules/react-dom/cjs/react-dom-client.development.js:9127:7)
      at src/App.js:224:9

    console.error
      An update to App inside a test was not wrapped in act(...).
      
      When testing, code that causes React state updates should be wrapped into act(...):
      
      act(() => {
        /* fire events that update state */
      });
      /* assert on the output */
      
      This ensures that you're testing the behavior the user would see in the browser. Learn more at https://react.dev/link/wrap-tests-with-act

    [0m [90m 225 |[39m       }
     [90m 226 |[39m   
    [31m[1m>[22m[39m[90m 227 |[39m       setVisibleCount([35m10[39m)[33m;[39m
     [90m     |[39m       [31m[1m^[22m[39m
     [90m 228 |[39m       setLastTouched((prev) [33m=>[39m ({ [33m...[39mprev[33m,[39m cities[33m:[39m [36mnew[39m [33mDate[39m() }))[33m;[39m
     [90m 229 |[39m     } [36mcatch[39m (e) {
     [90m 230 |[39m       setCitiesErr(e[33m.[39mmessage)[33m;[39m[0m

      at node_modules/react-dom/cjs/react-dom-client.development.js:18758:19
      at runWithFiberInDEV (node_modules/react-dom/cjs/react-dom-client.development.js:874:13)
      at warnIfUpdatesNotWrappedWithActDEV (node_modules/react-dom/cjs/react-dom-client.development.js:18757:9)
      at scheduleUpdateOnFiber (node_modules/react-dom/cjs/react-dom-client.development.js:16409:11)
      at dispatchSetStateInternal (node_modules/react-dom/cjs/react-dom-client.development.js:9170:13)
      at setVisibleCount (node_modules/react-dom/cjs/react-dom-client.development.js:9127:7)
      at src/App.js:227:7

    console.error
      An update to App inside a test was not wrapped in act(...).
      
      When testing, code that causes React state updates should be wrapped into act(...):
      
      act(() => {
        /* fire events that update state */
      });
      /* assert on the output */
      
      This ensures that you're testing the behavior the user would see in the browser. Learn more at https://react.dev/link/wrap-tests-with-act

    [0m [90m 226 |[39m   
     [90m 227 |[39m       setVisibleCount([35m10[39m)[33m;[39m
    [31m[1m>[22m[39m[90m 228 |[39m       setLastTouched((prev) [33m=>[39m ({ [33m...[39mprev[33m,[39m cities[33m:[39m [36mnew[39m [33mDate[39m() }))[33m;[39m
     [90m     |[39m       [31m[1m^[22m[39m
     [90m 229 |[39m     } [36mcatch[39m (e) {
     [90m 230 |[39m       setCitiesErr(e[33m.[39mmessage)[33m;[39m
     [90m 231 |[39m       setGlobalError([33mERROR_MESSAGES[39m[33m.[39m[33mFETCH_ERROR[39m)[33m;[39m[0m

      at node_modules/react-dom/cjs/react-dom-client.development.js:18758:19
      at runWithFiberInDEV (node_modules/react-dom/cjs/react-dom-client.development.js:874:13)
      at warnIfUpdatesNotWrappedWithActDEV (node_modules/react-dom/cjs/react-dom-client.development.js:18757:9)
      at scheduleUpdateOnFiber (node_modules/react-dom/cjs/react-dom-client.development.js:16409:11)
      at dispatchSetStateInternal (node_modules/react-dom/cjs/react-dom-client.development.js:9170:13)
      at setLastTouched (node_modules/react-dom/cjs/react-dom-client.development.js:9127:7)
      at src/App.js:228:7

    console.error
      An update to App inside a test was not wrapped in act(...).
      
      When testing, code that causes React state updates should be wrapped into act(...):
      
      act(() => {
        /* fire events that update state */
      });
      /* assert on the output */
      
      This ensures that you're testing the behavior the user would see in the browser. Learn more at https://react.dev/link/wrap-tests-with-act

    [0m [90m 231 |[39m       setGlobalError([33mERROR_MESSAGES[39m[33m.[39m[33mFETCH_ERROR[39m)[33m;[39m
     [90m 232 |[39m     } [36mfinally[39m {
    [31m[1m>[22m[39m[90m 233 |[39m       setLoadingCities([36mfalse[39m)[33m;[39m
     [90m     |[39m       [31m[1m^[22m[39m
     [90m 234 |[39m     }
     [90m 235 |[39m   }[33m,[39m [apiBase[33m,[39m citiesPath[33m,[39m stateCode])[33m;[39m
     [90m 236 |[39m[0m

      at node_modules/react-dom/cjs/react-dom-client.development.js:18758:19
      at runWithFiberInDEV (node_modules/react-dom/cjs/react-dom-client.development.js:874:13)
      at warnIfUpdatesNotWrappedWithActDEV (node_modules/react-dom/cjs/react-dom-client.development.js:18757:9)
      at scheduleUpdateOnFiber (node_modules/react-dom/cjs/react-dom-client.development.js:16409:11)
      at dispatchSetStateInternal (node_modules/react-dom/cjs/react-dom-client.development.js:9170:13)
      at setLoadingCities (node_modules/react-dom/cjs/react-dom-client.development.js:9127:7)
      at src/App.js:233:7

    console.error
      An update to App inside a test was not wrapped in act(...).
      
      When testing, code that causes React state updates should be wrapped into act(...):
      
      act(() => {
        /* fire events that update state */
      });
      /* assert on the output */
      
      This ensures that you're testing the behavior the user would see in the browser. Learn more at https://react.dev/link/wrap-tests-with-act

    [0m [90m 50 |[39m         setOptions([33mArray[39m[33m.[39misArray(optionsList) [33m?[39m optionsList [33m:[39m [])[33m;[39m
     [90m 51 |[39m       } [36mcatch[39m (err) {
    [31m[1m>[22m[39m[90m 52 |[39m         setError(err[33m.[39mmessage)[33m;[39m
     [90m    |[39m         [31m[1m^[22m[39m
     [90m 53 |[39m         setOptions([])[33m;[39m
     [90m 54 |[39m       } [36mfinally[39m {
     [90m 55 |[39m         setLoading([36mfalse[39m)[33m;[39m[0m

      at node_modules/react-dom/cjs/react-dom-client.development.js:18758:19
      at runWithFiberInDEV (node_modules/react-dom/cjs/react-dom-client.development.js:874:13)
      at warnIfUpdatesNotWrappedWithActDEV (node_modules/react-dom/cjs/react-dom-client.development.js:18757:9)
      at scheduleUpdateOnFiber (node_modules/react-dom/cjs/react-dom-client.development.js:16409:11)
      at dispatchSetStateInternal (node_modules/react-dom/cjs/react-dom-client.development.js:9170:13)
      at setError (node_modules/react-dom/cjs/react-dom-client.development.js:9127:7)
      at loadOptions (src/useDropdownOptions.js:52:9)

    console.error
      An update to App inside a test was not wrapped in act(...).
      
      When testing, code that causes React state updates should be wrapped into act(...):
      
      act(() => {
        /* fire events that update state */
      });
      /* assert on the output */
      
      This ensures that you're testing the behavior the user would see in the browser. Learn more at https://react.dev/link/wrap-tests-with-act

    [0m [90m 51 |[39m       } [36mcatch[39m (err) {
     [90m 52 |[39m         setError(err[33m.[39mmessage)[33m;[39m
    [31m[1m>[22m[39m[90m 53 |[39m         setOptions([])[33m;[39m
     [90m    |[39m         [31m[1m^[22m[39m
     [90m 54 |[39m       } [36mfinally[39m {
     [90m 55 |[39m         setLoading([36mfalse[39m)[33m;[39m
     [90m 56 |[39m       }[0m

      at node_modules/react-dom/cjs/react-dom-client.development.js:18758:19
      at runWithFiberInDEV (node_modules/react-dom/cjs/react-dom-client.development.js:874:13)
      at warnIfUpdatesNotWrappedWithActDEV (node_modules/react-dom/cjs/react-dom-client.development.js:18757:9)
      at scheduleUpdateOnFiber (node_modules/react-dom/cjs/react-dom-client.development.js:16409:11)
      at dispatchSetStateInternal (node_modules/react-dom/cjs/react-dom-client.development.js:9170:13)
      at setOptions (node_modules/react-dom/cjs/react-dom-client.development.js:9127:7)
      at loadOptions (src/useDropdownOptions.js:53:9)

    console.error
      An update to App inside a test was not wrapped in act(...).
      
      When testing, code that causes React state updates should be wrapped into act(...):
      
      act(() => {
        /* fire events that update state */
      });
      /* assert on the output */
      
      This ensures that you're testing the behavior the user would see in the browser. Learn more at https://react.dev/link/wrap-tests-with-act

    [0m [90m 53 |[39m         setOptions([])[33m;[39m
     [90m 54 |[39m       } [36mfinally[39m {
    [31m[1m>[22m[39m[90m 55 |[39m         setLoading([36mfalse[39m)[33m;[39m
     [90m    |[39m         [31m[1m^[22m[39m
     [90m 56 |[39m       }
     [90m 57 |[39m     }[33m;[39m
     [90m 58 |[39m[0m

      at node_modules/react-dom/cjs/react-dom-client.development.js:18758:19
      at runWithFiberInDEV (node_modules/react-dom/cjs/react-dom-client.development.js:874:13)
      at warnIfUpdatesNotWrappedWithActDEV (node_modules/react-dom/cjs/react-dom-client.development.js:18757:9)
      at scheduleUpdateOnFiber (node_modules/react-dom/cjs/react-dom-client.development.js:16409:11)
      at dispatchSetStateInternal (node_modules/react-dom/cjs/react-dom-client.development.js:9170:13)
      at setLoading (node_modules/react-dom/cjs/react-dom-client.development.js:9127:7)
      at loadOptions (src/useDropdownOptions.js:55:9)

    console.error
      An update to App inside a test was not wrapped in act(...).
      
      When testing, code that causes React state updates should be wrapped into act(...):
      
      act(() => {
        /* fire events that update state */
      });
      /* assert on the output */
      
      This ensures that you're testing the behavior the user would see in the browser. Learn more at https://react.dev/link/wrap-tests-with-act

    [0m [90m 198 |[39m     setStatesErr([36mnull[39m)[33m;[39m
     [90m 199 |[39m     [36mtry[39m {
    [31m[1m>[22m[39m[90m 200 |[39m       setStatesResp([36mawait[39m fetchJson(apiBase[33m,[39m [32m"/state/read"[39m))[33m;[39m
     [90m     |[39m       [31m[1m^[22m[39m
     [90m 201 |[39m       setLastTouched((prev) [33m=>[39m ({ [33m...[39mprev[33m,[39m states[33m:[39m [36mnew[39m [33mDate[39m() }))[33m;[39m
     [90m 202 |[39m     } [36mcatch[39m (e) {
     [90m 203 |[39m       setStatesErr(e[33m.[39mmessage)[33m;[39m[0m

      at node_modules/react-dom/cjs/react-dom-client.development.js:18758:19
      at runWithFiberInDEV (node_modules/react-dom/cjs/react-dom-client.development.js:874:13)
      at warnIfUpdatesNotWrappedWithActDEV (node_modules/react-dom/cjs/react-dom-client.development.js:18757:9)
      at scheduleUpdateOnFiber (node_modules/react-dom/cjs/react-dom-client.development.js:16409:11)
      at dispatchSetStateInternal (node_modules/react-dom/cjs/react-dom-client.development.js:9170:13)
      at setStatesResp (node_modules/react-dom/cjs/react-dom-client.development.js:9127:7)
      at src/App.js:200:7

    console.error
      An update to App inside a test was not wrapped in act(...).
      
      When testing, code that causes React state updates should be wrapped into act(...):
      
      act(() => {
        /* fire events that update state */
      });
      /* assert on the output */
      
      This ensures that you're testing the behavior the user would see in the browser. Learn more at https://react.dev/link/wrap-tests-with-act

    [0m [90m 199 |[39m     [36mtry[39m {
     [90m 200 |[39m       setStatesResp([36mawait[39m fetchJson(apiBase[33m,[39m [32m"/state/read"[39m))[33m;[39m
    [31m[1m>[22m[39m[90m 201 |[39m       setLastTouched((prev) [33m=>[39m ({ [33m...[39mprev[33m,[39m states[33m:[39m [36mnew[39m [33mDate[39m() }))[33m;[39m
     [90m     |[39m       [31m[1m^[22m[39m
     [90m 202 |[39m     } [36mcatch[39m (e) {
     [90m 203 |[39m       setStatesErr(e[33m.[39mmessage)[33m;[39m
     [90m 204 |[39m       setGlobalError([33mERROR_MESSAGES[39m[33m.[39m[33mFETCH_ERROR[39m)[33m;[39m[0m

      at node_modules/react-dom/cjs/react-dom-client.development.js:18758:19
      at runWithFiberInDEV (node_modules/react-dom/cjs/react-dom-client.development.js:874:13)
      at warnIfUpdatesNotWrappedWithActDEV (node_modules/react-dom/cjs/react-dom-client.development.js:18757:9)
      at scheduleUpdateOnFiber (node_modules/react-dom/cjs/react-dom-client.development.js:16409:11)
      at dispatchSetStateInternal (node_modules/react-dom/cjs/react-dom-client.development.js:9170:13)
      at setLastTouched (node_modules/react-dom/cjs/react-dom-client.development.js:9127:7)
      at src/App.js:201:7

    console.error
      An update to App inside a test was not wrapped in act(...).
      
      When testing, code that causes React state updates should be wrapped into act(...):
      
      act(() => {
        /* fire events that update state */
      });
      /* assert on the output */
      
      This ensures that you're testing the behavior the user would see in the browser. Learn more at https://react.dev/link/wrap-tests-with-act

    [0m [90m 204 |[39m       setGlobalError([33mERROR_MESSAGES[39m[33m.[39m[33mFETCH_ERROR[39m)[33m;[39m
     [90m 205 |[39m     } [36mfinally[39m {
    [31m[1m>[22m[39m[90m 206 |[39m     setLoadingStates([36mfalse[39m)[33m;[39m
     [90m     |[39m     [31m[1m^[22m[39m
     [90m 207 |[39m     }
     [90m 208 |[39m   }[33m,[39m [apiBase])[33m;[39m
     [90m 209 |[39m[0m

      at node_modules/react-dom/cjs/react-dom-client.development.js:18758:19
      at runWithFiberInDEV (node_modules/react-dom/cjs/react-dom-client.development.js:874:13)
      at warnIfUpdatesNotWrappedWithActDEV (node_modules/react-dom/cjs/react-dom-client.development.js:18757:9)
      at scheduleUpdateOnFiber (node_modules/react-dom/cjs/react-dom-client.development.js:16409:11)
      at dispatchSetStateInternal (node_modules/react-dom/cjs/react-dom-client.development.js:9170:13)
      at setLoadingStates (node_modules/react-dom/cjs/react-dom-client.development.js:9127:7)
      at src/App.js:206:5

    console.error
      An update to App inside a test was not wrapped in act(...).
      
      When testing, code that causes React state updates should be wrapped into act(...):
      
      act(() => {
        /* fire events that update state */
      });
      /* assert on the output */
      
      This ensures that you're testing the behavior the user would see in the browser. Learn more at https://react.dev/link/wrap-tests-with-act

    [0m [90m 217 |[39m       [36mconst[39m results [33m=[39m [33mArray[39m[33m.[39misArray(data) [33m?[39m data [33m:[39m data[33m?[39m[33m.[39mcities [33m||[39m data[33m?[39m[33m.[39mresults [33m||[39m [][33m;[39m
     [90m 218 |[39m   
    [31m[1m>[22m[39m[90m 219 |[39m       setCities(data)[33m;[39m
     [90m     |[39m       [31m[1m^[22m[39m
     [90m 220 |[39m       setMapCities(results)[33m;[39m
     [90m 221 |[39m   
     [90m 222 |[39m       [36mconst[39m code [33m=[39m stateCode[33m.[39mtrim()[33m.[39mtoUpperCase()[33m;[39m[0m

      at node_modules/react-dom/cjs/react-dom-client.development.js:18758:19
      at runWithFiberInDEV (node_modules/react-dom/cjs/react-dom-client.development.js:874:13)
      at warnIfUpdatesNotWrappedWithActDEV (node_modules/react-dom/cjs/react-dom-client.development.js:18757:9)
      at scheduleUpdateOnFiber (node_modules/react-dom/cjs/react-dom-client.development.js:16409:11)
      at dispatchSetStateInternal (node_modules/react-dom/cjs/react-dom-client.development.js:9170:13)
      at setCities (node_modules/react-dom/cjs/react-dom-client.development.js:9127:7)
      at src/App.js:219:7

    console.error
      An update to App inside a test was not wrapped in act(...).
      
      When testing, code that causes React state updates should be wrapped into act(...):
      
      act(() => {
        /* fire events that update state */
      });
      /* assert on the output */
      
      This ensures that you're testing the behavior the user would see in the browser. Learn more at https://react.dev/link/wrap-tests-with-act

    [0m [90m 218 |[39m   
     [90m 219 |[39m       setCities(data)[33m;[39m
    [31m[1m>[22m[39m[90m 220 |[39m       setMapCities(results)[33m;[39m
     [90m     |[39m       [31m[1m^[22m[39m
     [90m 221 |[39m   
     [90m 222 |[39m       [36mconst[39m code [33m=[39m stateCode[33m.[39mtrim()[33m.[39mtoUpperCase()[33m;[39m
     [90m 223 |[39m       [36mif[39m (code) {[0m

      at node_modules/react-dom/cjs/react-dom-client.development.js:18758:19
      at runWithFiberInDEV (node_modules/react-dom/cjs/react-dom-client.development.js:874:13)
      at warnIfUpdatesNotWrappedWithActDEV (node_modules/react-dom/cjs/react-dom-client.development.js:18757:9)
      at scheduleUpdateOnFiber (node_modules/react-dom/cjs/react-dom-client.development.js:16409:11)
      at dispatchSetStateInternal (node_modules/react-dom/cjs/react-dom-client.development.js:9170:13)
      at setMapCities (node_modules/react-dom/cjs/react-dom-client.development.js:9127:7)
      at src/App.js:220:7

    console.error
      An update to App inside a test was not wrapped in act(...).
      
      When testing, code that causes React state updates should be wrapped into act(...):
      
      act(() => {
        /* fire events that update state */
      });
      /* assert on the output */
      
      This ensures that you're testing the behavior the user would see in the browser. Learn more at https://react.dev/link/wrap-tests-with-act

    [0m [90m 222 |[39m       [36mconst[39m code [33m=[39m stateCode[33m.[39mtrim()[33m.[39mtoUpperCase()[33m;[39m
     [90m 223 |[39m       [36mif[39m (code) {
    [31m[1m>[22m[39m[90m 224 |[39m         setSelectedMapState(code)[33m;[39m
     [90m     |[39m         [31m[1m^[22m[39m
     [90m 225 |[39m       }
     [90m 226 |[39m   
     [90m 227 |[39m       setVisibleCount([35m10[39m)[33m;[39m[0m

      at node_modules/react-dom/cjs/react-dom-client.development.js:18758:19
      at runWithFiberInDEV (node_modules/react-dom/cjs/react-dom-client.development.js:874:13)
      at warnIfUpdatesNotWrappedWithActDEV (node_modules/react-dom/cjs/react-dom-client.development.js:18757:9)
      at scheduleUpdateOnFiber (node_modules/react-dom/cjs/react-dom-client.development.js:16409:11)
      at dispatchSetStateInternal (node_modules/react-dom/cjs/react-dom-client.development.js:9170:13)
      at setSelectedMapState (node_modules/react-dom/cjs/react-dom-client.development.js:9127:7)
      at src/App.js:224:9

    console.error
      An update to App inside a test was not wrapped in act(...).
      
      When testing, code that causes React state updates should be wrapped into act(...):
      
      act(() => {
        /* fire events that update state */
      });
      /* assert on the output */
      
      This ensures that you're testing the behavior the user would see in the browser. Learn more at https://react.dev/link/wrap-tests-with-act

    [0m [90m 225 |[39m       }
     [90m 226 |[39m   
    [31m[1m>[22m[39m[90m 227 |[39m       setVisibleCount([35m10[39m)[33m;[39m
     [90m     |[39m       [31m[1m^[22m[39m
     [90m 228 |[39m       setLastTouched((prev) [33m=>[39m ({ [33m...[39mprev[33m,[39m cities[33m:[39m [36mnew[39m [33mDate[39m() }))[33m;[39m
     [90m 229 |[39m     } [36mcatch[39m (e) {
     [90m 230 |[39m       setCitiesErr(e[33m.[39mmessage)[33m;[39m[0m

      at node_modules/react-dom/cjs/react-dom-client.development.js:18758:19
      at runWithFiberInDEV (node_modules/react-dom/cjs/react-dom-client.development.js:874:13)
      at warnIfUpdatesNotWrappedWithActDEV (node_modules/react-dom/cjs/react-dom-client.development.js:18757:9)
      at scheduleUpdateOnFiber (node_modules/react-dom/cjs/react-dom-client.development.js:16409:11)
      at dispatchSetStateInternal (node_modules/react-dom/cjs/react-dom-client.development.js:9170:13)
      at setVisibleCount (node_modules/react-dom/cjs/react-dom-client.development.js:9127:7)
      at src/App.js:227:7

    console.error
      An update to App inside a test was not wrapped in act(...).
      
      When testing, code that causes React state updates should be wrapped into act(...):
      
      act(() => {
        /* fire events that update state */
      });
      /* assert on the output */
      
      This ensures that you're testing the behavior the user would see in the browser. Learn more at https://react.dev/link/wrap-tests-with-act

    [0m [90m 226 |[39m   
     [90m 227 |[39m       setVisibleCount([35m10[39m)[33m;[39m
    [31m[1m>[22m[39m[90m 228 |[39m       setLastTouched((prev) [33m=>[39m ({ [33m...[39mprev[33m,[39m cities[33m:[39m [36mnew[39m [33mDate[39m() }))[33m;[39m
     [90m     |[39m       [31m[1m^[22m[39m
     [90m 229 |[39m     } [36mcatch[39m (e) {
     [90m 230 |[39m       setCitiesErr(e[33m.[39mmessage)[33m;[39m
     [90m 231 |[39m       setGlobalError([33mERROR_MESSAGES[39m[33m.[39m[33mFETCH_ERROR[39m)[33m;[39m[0m

      at node_modules/react-dom/cjs/react-dom-client.development.js:18758:19
      at runWithFiberInDEV (node_modules/react-dom/cjs/react-dom-client.development.js:874:13)
      at warnIfUpdatesNotWrappedWithActDEV (node_modules/react-dom/cjs/react-dom-client.development.js:18757:9)
      at scheduleUpdateOnFiber (node_modules/react-dom/cjs/react-dom-client.development.js:16409:11)
      at dispatchSetStateInternal (node_modules/react-dom/cjs/react-dom-client.development.js:9170:13)
      at setLastTouched (node_modules/react-dom/cjs/react-dom-client.development.js:9127:7)
      at src/App.js:228:7

    console.error
      An update to App inside a test was not wrapped in act(...).
      
      When testing, code that causes React state updates should be wrapped into act(...):
      
      act(() => {
        /* fire events that update state */
      });
      /* assert on the output */
      
      This ensures that you're testing the behavior the user would see in the browser. Learn more at https://react.dev/link/wrap-tests-with-act

    [0m [90m 231 |[39m       setGlobalError([33mERROR_MESSAGES[39m[33m.[39m[33mFETCH_ERROR[39m)[33m;[39m
     [90m 232 |[39m     } [36mfinally[39m {
    [31m[1m>[22m[39m[90m 233 |[39m       setLoadingCities([36mfalse[39m)[33m;[39m
     [90m     |[39m       [31m[1m^[22m[39m
     [90m 234 |[39m     }
     [90m 235 |[39m   }[33m,[39m [apiBase[33m,[39m citiesPath[33m,[39m stateCode])[33m;[39m
     [90m 236 |[39m[0m

      at node_modules/react-dom/cjs/react-dom-client.development.js:18758:19
      at runWithFiberInDEV (node_modules/react-dom/cjs/react-dom-client.development.js:874:13)
      at warnIfUpdatesNotWrappedWithActDEV (node_modules/react-dom/cjs/react-dom-client.development.js:18757:9)
      at scheduleUpdateOnFiber (node_modules/react-dom/cjs/react-dom-client.development.js:16409:11)
      at dispatchSetStateInternal (node_modules/react-dom/cjs/react-dom-client.development.js:9170:13)
      at setLoadingCities (node_modules/react-dom/cjs/react-dom-client.development.js:9127:7)
      at src/App.js:233:7

    console.error
      An update to App inside a test was not wrapped in act(...).
      
      When testing, code that causes React state updates should be wrapped into act(...):
      
      act(() => {
        /* fire events that update state */
      });
      /* assert on the output */
      
      This ensures that you're testing the behavior the user would see in the browser. Learn more at https://react.dev/link/wrap-tests-with-act

    [0m [90m 175 |[39m       [36mawait[39m fetchJson(cleaned[33m,[39m [32m"/hello"[39m)[33m;[39m
     [90m 176 |[39m       [36mconst[39m latency [33m=[39m [33mMath[39m[33m.[39mround(performance[33m.[39mnow() [33m-[39m started)[33m;[39m
    [31m[1m>[22m[39m[90m 177 |[39m       setApiBase(cleaned)[33m;[39m
     [90m     |[39m       [31m[1m^[22m[39m
     [90m 178 |[39m       setConnectionStatus({ ok[33m:[39m [36mtrue[39m[33m,[39m base[33m:[39m cleaned[33m,[39m latency[33m,[39m message[33m:[39m [32m"Connected"[39m })[33m;[39m
     [90m 179 |[39m     } [36mcatch[39m (e) {
     [90m 180 |[39m       [36mconst[39m latency [33m=[39m [33mMath[39m[33m.[39mround(performance[33m.[39mnow() [33m-[39m started)[33m;[39m[0m

      at node_modules/react-dom/cjs/react-dom-client.development.js:18758:19
      at runWithFiberInDEV (node_modules/react-dom/cjs/react-dom-client.development.js:874:13)
      at warnIfUpdatesNotWrappedWithActDEV (node_modules/react-dom/cjs/react-dom-client.development.js:18757:9)
      at scheduleUpdateOnFiber (node_modules/react-dom/cjs/react-dom-client.development.js:16409:11)
      at dispatchSetStateInternal (node_modules/react-dom/cjs/react-dom-client.development.js:9170:13)
      at setApiBase (node_modules/react-dom/cjs/react-dom-client.development.js:9127:7)
      at src/App.js:177:7

    console.error
      An update to App inside a test was not wrapped in act(...).
      
      When testing, code that causes React state updates should be wrapped into act(...):
      
      act(() => {
        /* fire events that update state */
      });
      /* assert on the output */
      
      This ensures that you're testing the behavior the user would see in the browser. Learn more at https://react.dev/link/wrap-tests-with-act

    [0m [90m 176 |[39m       [36mconst[39m latency [33m=[39m [33mMath[39m[33m.[39mround(performance[33m.[39mnow() [33m-[39m started)[33m;[39m
     [90m 177 |[39m       setApiBase(cleaned)[33m;[39m
    [31m[1m>[22m[39m[90m 178 |[39m       setConnectionStatus({ ok[33m:[39m [36mtrue[39m[33m,[39m base[33m:[39m cleaned[33m,[39m latency[33m,[39m message[33m:[39m [32m"Connected"[39m })[33m;[39m
     [90m     |[39m       [31m[1m^[22m[39m
     [90m 179 |[39m     } [36mcatch[39m (e) {
     [90m 180 |[39m       [36mconst[39m latency [33m=[39m [33mMath[39m[33m.[39mround(performance[33m.[39mnow() [33m-[39m started)[33m;[39m
     [90m 181 |[39m       setConnectionStatus({ ok[33m:[39m [36mfalse[39m[33m,[39m base[33m:[39m cleaned[33m,[39m latency[33m,[39m message[33m:[39m e[33m.[39mmessage })[33m;[39m[0m

      at node_modules/react-dom/cjs/react-dom-client.development.js:18758:19
      at runWithFiberInDEV (node_modules/react-dom/cjs/react-dom-client.development.js:874:13)
      at warnIfUpdatesNotWrappedWithActDEV (node_modules/react-dom/cjs/react-dom-client.development.js:18757:9)
      at scheduleUpdateOnFiber (node_modules/react-dom/cjs/react-dom-client.development.js:16409:11)
      at dispatchSetStateInternal (node_modules/react-dom/cjs/react-dom-client.development.js:9170:13)
      at setConnectionStatus (node_modules/react-dom/cjs/react-dom-client.development.js:9127:7)
      at src/App.js:178:7

    console.error
      An update to App inside a test was not wrapped in act(...).
      
      When testing, code that causes React state updates should be wrapped into act(...):
      
      act(() => {
        /* fire events that update state */
      });
      /* assert on the output */
      
      This ensures that you're testing the behavior the user would see in the browser. Learn more at https://react.dev/link/wrap-tests-with-act

    [0m [90m 181 |[39m       setConnectionStatus({ ok[33m:[39m [36mfalse[39m[33m,[39m base[33m:[39m cleaned[33m,[39m latency[33m,[39m message[33m:[39m e[33m.[39mmessage })[33m;[39m
     [90m 182 |[39m     } [36mfinally[39m {
    [31m[1m>[22m[39m[90m 183 |[39m       setTestingBase([36mfalse[39m)[33m;[39m
     [90m     |[39m       [31m[1m^[22m[39m
     [90m 184 |[39m     }
     [90m 185 |[39m   }[33m,[39m [apiBaseDraft])[33m;[39m
     [90m 186 |[39m[0m

      at node_modules/react-dom/cjs/react-dom-client.development.js:18758:19
      at runWithFiberInDEV (node_modules/react-dom/cjs/react-dom-client.development.js:874:13)
      at warnIfUpdatesNotWrappedWithActDEV (node_modules/react-dom/cjs/react-dom-client.development.js:18757:9)
      at scheduleUpdateOnFiber (node_modules/react-dom/cjs/react-dom-client.development.js:16409:11)
      at dispatchSetStateInternal (node_modules/react-dom/cjs/react-dom-client.development.js:9170:13)
      at setTestingBase (node_modules/react-dom/cjs/react-dom-client.development.js:9127:7)
      at src/App.js:183:7

PASS src/App.test.js
  ● Console

    console.error
      `ReactDOMTestUtils.act` is deprecated in favor of `React.act`. Import `act` from `react` instead of `react-dom/test-utils`. See https://react.dev/warnings/react-dom-test-utils for more info.

    [0m [90m  95 |[39m  
     [90m  96 |[39m   test([32m"renders intro tab by default"[39m[33m,[39m () [33m=>[39m {
    [31m[1m>[22m[39m[90m  97 |[39m     render([33m<[39m[33mApp[39m [33m/[39m[33m>[39m)[33m;[39m
     [90m     |[39m           [31m[1m^[22m[39m
     [90m  98 |[39m     expect(
     [90m  99 |[39m       screen[33m.[39mgetByText([35m/Welcome to the ENG404 geography dashboard/i[39m)
     [90m 100 |[39m     )[33m.[39mtoBeInTheDocument()[33m;[39m[0m

      at Object.<anonymous>.process.env.NODE_ENV.exports.act (node_modules/react-dom/cjs/react-dom-test-utils.development.js:19:17)
      at node_modules/@testing-library/react/dist/act-compat.js:63:25
      at renderRoot (node_modules/@testing-library/react/dist/pure.js:159:26)
      at render (node_modules/@testing-library/react/dist/pure.js:246:10)
      at Object.<anonymous> (src/App.test.js:97:11)

    console.error
      An update to App inside a test was not wrapped in act(...).
      
      When testing, code that causes React state updates should be wrapped into act(...):
      
      act(() => {
        /* fire events that update state */
      });
      /* assert on the output */
      
      This ensures that you're testing the behavior the user would see in the browser. Learn more at https://react.dev/link/wrap-tests-with-act

    [0m [90m 48 |[39m         [90m// Handle both { options: [...] } and direct array responses[39m
     [90m 49 |[39m         [36mconst[39m optionsList [33m=[39m data[33m.[39moptions [33m||[39m data[33m;[39m
    [31m[1m>[22m[39m[90m 50 |[39m         setOptions([33mArray[39m[33m.[39misArray(optionsList) [33m?[39m optionsList [33m:[39m [])[33m;[39m
     [90m    |[39m         [31m[1m^[22m[39m
     [90m 51 |[39m       } [36mcatch[39m (err) {
     [90m 52 |[39m         setError(err[33m.[39mmessage)[33m;[39m
     [90m 53 |[39m         setOptions([])[33m;[39m[0m

      at node_modules/react-dom/cjs/react-dom-client.development.js:18758:19
      at runWithFiberInDEV (node_modules/react-dom/cjs/react-dom-client.development.js:874:13)
      at warnIfUpdatesNotWrappedWithActDEV (node_modules/react-dom/cjs/react-dom-client.development.js:18757:9)
      at scheduleUpdateOnFiber (node_modules/react-dom/cjs/react-dom-client.development.js:16409:11)
      at dispatchSetStateInternal (node_modules/react-dom/cjs/react-dom-client.development.js:9170:13)
      at setOptions (node_modules/react-dom/cjs/react-dom-client.development.js:9127:7)
      at loadOptions (src/useDropdownOptions.js:50:9)

    console.error
      An update to App inside a test was not wrapped in act(...).
      
      When testing, code that causes React state updates should be wrapped into act(...):
      
      act(() => {
        /* fire events that update state */
      });
      /* assert on the output */
      
      This ensures that you're testing the behavior the user would see in the browser. Learn more at https://react.dev/link/wrap-tests-with-act

    [0m [90m 53 |[39m         setOptions([])[33m;[39m
     [90m 54 |[39m       } [36mfinally[39m {
    [31m[1m>[22m[39m[90m 55 |[39m         setLoading([36mfalse[39m)[33m;[39m
     [90m    |[39m         [31m[1m^[22m[39m
     [90m 56 |[39m       }
     [90m 57 |[39m     }[33m;[39m
     [90m 58 |[39m[0m

      at node_modules/react-dom/cjs/react-dom-client.development.js:18758:19
      at runWithFiberInDEV (node_modules/react-dom/cjs/react-dom-client.development.js:874:13)
      at warnIfUpdatesNotWrappedWithActDEV (node_modules/react-dom/cjs/react-dom-client.development.js:18757:9)
      at scheduleUpdateOnFiber (node_modules/react-dom/cjs/react-dom-client.development.js:16409:11)
      at dispatchSetStateInternal (node_modules/react-dom/cjs/react-dom-client.development.js:9170:13)
      at setLoading (node_modules/react-dom/cjs/react-dom-client.development.js:9127:7)
      at loadOptions (src/useDropdownOptions.js:55:9)

    console.error
      An update to App inside a test was not wrapped in act(...).
      
      When testing, code that causes React state updates should be wrapped into act(...):
      
      act(() => {
        /* fire events that update state */
      });
      /* assert on the output */
      
      This ensures that you're testing the behavior the user would see in the browser. Learn more at https://react.dev/link/wrap-tests-with-act

    [0m [90m 198 |[39m     setStatesErr([36mnull[39m)[33m;[39m
     [90m 199 |[39m     [36mtry[39m {
    [31m[1m>[22m[39m[90m 200 |[39m       setStatesResp([36mawait[39m fetchJson(apiBase[33m,[39m [32m"/state/read"[39m))[33m;[39m
     [90m     |[39m       [31m[1m^[22m[39m
     [90m 201 |[39m       setLastTouched((prev) [33m=>[39m ({ [33m...[39mprev[33m,[39m states[33m:[39m [36mnew[39m [33mDate[39m() }))[33m;[39m
     [90m 202 |[39m     } [36mcatch[39m (e) {
     [90m 203 |[39m       setStatesErr(e[33m.[39mmessage)[33m;[39m[0m

      at node_modules/react-dom/cjs/react-dom-client.development.js:18758:19
      at runWithFiberInDEV (node_modules/react-dom/cjs/react-dom-client.development.js:874:13)
      at warnIfUpdatesNotWrappedWithActDEV (node_modules/react-dom/cjs/react-dom-client.development.js:18757:9)
      at scheduleUpdateOnFiber (node_modules/react-dom/cjs/react-dom-client.development.js:16409:11)
      at dispatchSetStateInternal (node_modules/react-dom/cjs/react-dom-client.development.js:9170:13)
      at setStatesResp (node_modules/react-dom/cjs/react-dom-client.development.js:9127:7)
      at src/App.js:200:7

    console.error
      An update to App inside a test was not wrapped in act(...).
      
      When testing, code that causes React state updates should be wrapped into act(...):
      
      act(() => {
        /* fire events that update state */
      });
      /* assert on the output */
      
      This ensures that you're testing the behavior the user would see in the browser. Learn more at https://react.dev/link/wrap-tests-with-act

    [0m [90m 199 |[39m     [36mtry[39m {
     [90m 200 |[39m       setStatesResp([36mawait[39m fetchJson(apiBase[33m,[39m [32m"/state/read"[39m))[33m;[39m
    [31m[1m>[22m[39m[90m 201 |[39m       setLastTouched((prev) [33m=>[39m ({ [33m...[39mprev[33m,[39m states[33m:[39m [36mnew[39m [33mDate[39m() }))[33m;[39m
     [90m     |[39m       [31m[1m^[22m[39m
     [90m 202 |[39m     } [36mcatch[39m (e) {
     [90m 203 |[39m       setStatesErr(e[33m.[39mmessage)[33m;[39m
     [90m 204 |[39m       setGlobalError([33mERROR_MESSAGES[39m[33m.[39m[33mFETCH_ERROR[39m)[33m;[39m[0m

      at node_modules/react-dom/cjs/react-dom-client.development.js:18758:19
      at runWithFiberInDEV (node_modules/react-dom/cjs/react-dom-client.development.js:874:13)
      at warnIfUpdatesNotWrappedWithActDEV (node_modules/react-dom/cjs/react-dom-client.development.js:18757:9)
      at scheduleUpdateOnFiber (node_modules/react-dom/cjs/react-dom-client.development.js:16409:11)
      at dispatchSetStateInternal (node_modules/react-dom/cjs/react-dom-client.development.js:9170:13)
      at setLastTouched (node_modules/react-dom/cjs/react-dom-client.development.js:9127:7)
      at src/App.js:201:7

    console.error
      An update to App inside a test was not wrapped in act(...).
      
      When testing, code that causes React state updates should be wrapped into act(...):
      
      act(() => {
        /* fire events that update state */
      });
      /* assert on the output */
      
      This ensures that you're testing the behavior the user would see in the browser. Learn more at https://react.dev/link/wrap-tests-with-act

    [0m [90m 204 |[39m       setGlobalError([33mERROR_MESSAGES[39m[33m.[39m[33mFETCH_ERROR[39m)[33m;[39m
     [90m 205 |[39m     } [36mfinally[39m {
    [31m[1m>[22m[39m[90m 206 |[39m     setLoadingStates([36mfalse[39m)[33m;[39m
     [90m     |[39m     [31m[1m^[22m[39m
     [90m 207 |[39m     }
     [90m 208 |[39m   }[33m,[39m [apiBase])[33m;[39m
     [90m 209 |[39m[0m

      at node_modules/react-dom/cjs/react-dom-client.development.js:18758:19
      at runWithFiberInDEV (node_modules/react-dom/cjs/react-dom-client.development.js:874:13)
      at warnIfUpdatesNotWrappedWithActDEV (node_modules/react-dom/cjs/react-dom-client.development.js:18757:9)
      at scheduleUpdateOnFiber (node_modules/react-dom/cjs/react-dom-client.development.js:16409:11)
      at dispatchSetStateInternal (node_modules/react-dom/cjs/react-dom-client.development.js:9170:13)
      at setLoadingStates (node_modules/react-dom/cjs/react-dom-client.development.js:9127:7)
      at src/App.js:206:5

    console.error
      An update to App inside a test was not wrapped in act(...).
      
      When testing, code that causes React state updates should be wrapped into act(...):
      
      act(() => {
        /* fire events that update state */
      });
      /* assert on the output */
      
      This ensures that you're testing the behavior the user would see in the browser. Learn more at https://react.dev/link/wrap-tests-with-act

    [0m [90m 217 |[39m       [36mconst[39m results [33m=[39m [33mArray[39m[33m.[39misArray(data) [33m?[39m data [33m:[39m data[33m?[39m[33m.[39mcities [33m||[39m data[33m?[39m[33m.[39mresults [33m||[39m [][33m;[39m
     [90m 218 |[39m   
    [31m[1m>[22m[39m[90m 219 |[39m       setCities(data)[33m;[39m
     [90m     |[39m       [31m[1m^[22m[39m
     [90m 220 |[39m       setMapCities(results)[33m;[39m
     [90m 221 |[39m   
     [90m 222 |[39m       [36mconst[39m code [33m=[39m stateCode[33m.[39mtrim()[33m.[39mtoUpperCase()[33m;[39m[0m

      at node_modules/react-dom/cjs/react-dom-client.development.js:18758:19
      at runWithFiberInDEV (node_modules/react-dom/cjs/react-dom-client.development.js:874:13)
      at warnIfUpdatesNotWrappedWithActDEV (node_modules/react-dom/cjs/react-dom-client.development.js:18757:9)
      at scheduleUpdateOnFiber (node_modules/react-dom/cjs/react-dom-client.development.js:16409:11)
      at dispatchSetStateInternal (node_modules/react-dom/cjs/react-dom-client.development.js:9170:13)
      at setCities (node_modules/react-dom/cjs/react-dom-client.development.js:9127:7)
      at src/App.js:219:7

    console.error
      An update to App inside a test was not wrapped in act(...).
      
      When testing, code that causes React state updates should be wrapped into act(...):
      
      act(() => {
        /* fire events that update state */
      });
      /* assert on the output */
      
      This ensures that you're testing the behavior the user would see in the browser. Learn more at https://react.dev/link/wrap-tests-with-act

    [0m [90m 218 |[39m   
     [90m 219 |[39m       setCities(data)[33m;[39m
    [31m[1m>[22m[39m[90m 220 |[39m       setMapCities(results)[33m;[39m
     [90m     |[39m       [31m[1m^[22m[39m
     [90m 221 |[39m   
     [90m 222 |[39m       [36mconst[39m code [33m=[39m stateCode[33m.[39mtrim()[33m.[39mtoUpperCase()[33m;[39m
     [90m 223 |[39m       [36mif[39m (code) {[0m

      at node_modules/react-dom/cjs/react-dom-client.development.js:18758:19
      at runWithFiberInDEV (node_modules/react-dom/cjs/react-dom-client.development.js:874:13)
      at warnIfUpdatesNotWrappedWithActDEV (node_modules/react-dom/cjs/react-dom-client.development.js:18757:9)
      at scheduleUpdateOnFiber (node_modules/react-dom/cjs/react-dom-client.development.js:16409:11)
      at dispatchSetStateInternal (node_modules/react-dom/cjs/react-dom-client.development.js:9170:13)
      at setMapCities (node_modules/react-dom/cjs/react-dom-client.development.js:9127:7)
      at src/App.js:220:7

    console.error
      An update to App inside a test was not wrapped in act(...).
      
      When testing, code that causes React state updates should be wrapped into act(...):
      
      act(() => {
        /* fire events that update state */
      });
      /* assert on the output */
      
      This ensures that you're testing the behavior the user would see in the browser. Learn more at https://react.dev/link/wrap-tests-with-act

    [0m [90m 222 |[39m       [36mconst[39m code [33m=[39m stateCode[33m.[39mtrim()[33m.[39mtoUpperCase()[33m;[39m
     [90m 223 |[39m       [36mif[39m (code) {
    [31m[1m>[22m[39m[90m 224 |[39m         setSelectedMapState(code)[33m;[39m
     [90m     |[39m         [31m[1m^[22m[39m
     [90m 225 |[39m       }
     [90m 226 |[39m   
     [90m 227 |[39m       setVisibleCount([35m10[39m)[33m;[39m[0m

      at node_modules/react-dom/cjs/react-dom-client.development.js:18758:19
      at runWithFiberInDEV (node_modules/react-dom/cjs/react-dom-client.development.js:874:13)
      at warnIfUpdatesNotWrappedWithActDEV (node_modules/react-dom/cjs/react-dom-client.development.js:18757:9)
      at scheduleUpdateOnFiber (node_modules/react-dom/cjs/react-dom-client.development.js:16409:11)
      at dispatchSetStateInternal (node_modules/react-dom/cjs/react-dom-client.development.js:9170:13)
      at setSelectedMapState (node_modules/react-dom/cjs/react-dom-client.development.js:9127:7)
      at src/App.js:224:9

    console.error
      An update to App inside a test was not wrapped in act(...).
      
      When testing, code that causes React state updates should be wrapped into act(...):
      
      act(() => {
        /* fire events that update state */
      });
      /* assert on the output */
      
      This ensures that you're testing the behavior the user would see in the browser. Learn more at https://react.dev/link/wrap-tests-with-act

    [0m [90m 225 |[39m       }
     [90m 226 |[39m   
    [31m[1m>[22m[39m[90m 227 |[39m       setVisibleCount([35m10[39m)[33m;[39m
     [90m     |[39m       [31m[1m^[22m[39m
     [90m 228 |[39m       setLastTouched((prev) [33m=>[39m ({ [33m...[39mprev[33m,[39m cities[33m:[39m [36mnew[39m [33mDate[39m() }))[33m;[39m
     [90m 229 |[39m     } [36mcatch[39m (e) {
     [90m 230 |[39m       setCitiesErr(e[33m.[39mmessage)[33m;[39m[0m

      at node_modules/react-dom/cjs/react-dom-client.development.js:18758:19
      at runWithFiberInDEV (node_modules/react-dom/cjs/react-dom-client.development.js:874:13)
      at warnIfUpdatesNotWrappedWithActDEV (node_modules/react-dom/cjs/react-dom-client.development.js:18757:9)
      at scheduleUpdateOnFiber (node_modules/react-dom/cjs/react-dom-client.development.js:16409:11)
      at dispatchSetStateInternal (node_modules/react-dom/cjs/react-dom-client.development.js:9170:13)
      at setVisibleCount (node_modules/react-dom/cjs/react-dom-client.development.js:9127:7)
      at src/App.js:227:7

    console.error
      An update to App inside a test was not wrapped in act(...).
      
      When testing, code that causes React state updates should be wrapped into act(...):
      
      act(() => {
        /* fire events that update state */
      });
      /* assert on the output */
      
      This ensures that you're testing the behavior the user would see in the browser. Learn more at https://react.dev/link/wrap-tests-with-act

    [0m [90m 226 |[39m   
     [90m 227 |[39m       setVisibleCount([35m10[39m)[33m;[39m
    [31m[1m>[22m[39m[90m 228 |[39m       setLastTouched((prev) [33m=>[39m ({ [33m...[39mprev[33m,[39m cities[33m:[39m [36mnew[39m [33mDate[39m() }))[33m;[39m
     [90m     |[39m       [31m[1m^[22m[39m
     [90m 229 |[39m     } [36mcatch[39m (e) {
     [90m 230 |[39m       setCitiesErr(e[33m.[39mmessage)[33m;[39m
     [90m 231 |[39m       setGlobalError([33mERROR_MESSAGES[39m[33m.[39m[33mFETCH_ERROR[39m)[33m;[39m[0m

      at node_modules/react-dom/cjs/react-dom-client.development.js:18758:19
      at runWithFiberInDEV (node_modules/react-dom/cjs/react-dom-client.development.js:874:13)
      at warnIfUpdatesNotWrappedWithActDEV (node_modules/react-dom/cjs/react-dom-client.development.js:18757:9)
      at scheduleUpdateOnFiber (node_modules/react-dom/cjs/react-dom-client.development.js:16409:11)
      at dispatchSetStateInternal (node_modules/react-dom/cjs/react-dom-client.development.js:9170:13)
      at setLastTouched (node_modules/react-dom/cjs/react-dom-client.development.js:9127:7)
      at src/App.js:228:7

    console.error
      An update to App inside a test was not wrapped in act(...).
      
      When testing, code that causes React state updates should be wrapped into act(...):
      
      act(() => {
        /* fire events that update state */
      });
      /* assert on the output */
      
      This ensures that you're testing the behavior the user would see in the browser. Learn more at https://react.dev/link/wrap-tests-with-act

    [0m [90m 231 |[39m       setGlobalError([33mERROR_MESSAGES[39m[33m.[39m[33mFETCH_ERROR[39m)[33m;[39m
     [90m 232 |[39m     } [36mfinally[39m {
    [31m[1m>[22m[39m[90m 233 |[39m       setLoadingCities([36mfalse[39m)[33m;[39m
     [90m     |[39m       [31m[1m^[22m[39m
     [90m 234 |[39m     }
     [90m 235 |[39m   }[33m,[39m [apiBase[33m,[39m citiesPath[33m,[39m stateCode])[33m;[39m
     [90m 236 |[39m[0m

      at node_modules/react-dom/cjs/react-dom-client.development.js:18758:19
      at runWithFiberInDEV (node_modules/react-dom/cjs/react-dom-client.development.js:874:13)
      at warnIfUpdatesNotWrappedWithActDEV (node_modules/react-dom/cjs/react-dom-client.development.js:18757:9)
      at scheduleUpdateOnFiber (node_modules/react-dom/cjs/react-dom-client.development.js:16409:11)
      at dispatchSetStateInternal (node_modules/react-dom/cjs/react-dom-client.development.js:9170:13)
      at setLoadingCities (node_modules/react-dom/cjs/react-dom-client.development.js:9127:7)
      at src/App.js:233:7

    console.error
      An update to App inside a test was not wrapped in act(...).
      
      When testing, code that causes React state updates should be wrapped into act(...):
      
      act(() => {
        /* fire events that update state */
      });
      /* assert on the output */
      
      This ensures that you're testing the behavior the user would see in the browser. Learn more at https://react.dev/link/wrap-tests-with-act

    [0m [90m 198 |[39m     setStatesErr([36mnull[39m)[33m;[39m
     [90m 199 |[39m     [36mtry[39m {
    [31m[1m>[22m[39m[90m 200 |[39m       setStatesResp([36mawait[39m fetchJson(apiBase[33m,[39m [32m"/state/read"[39m))[33m;[39m
     [90m     |[39m       [31m[1m^[22m[39m
     [90m 201 |[39m       setLastTouched((prev) [33m=>[39m ({ [33m...[39mprev[33m,[39m states[33m:[39m [36mnew[39m [33mDate[39m() }))[33m;[39m
     [90m 202 |[39m     } [36mcatch[39m (e) {
     [90m 203 |[39m       setStatesErr(e[33m.[39mmessage)[33m;[39m[0m

      at node_modules/react-dom/cjs/react-dom-client.development.js:18758:19
      at runWithFiberInDEV (node_modules/react-dom/cjs/react-dom-client.development.js:874:13)
      at warnIfUpdatesNotWrappedWithActDEV (node_modules/react-dom/cjs/react-dom-client.development.js:18757:9)
      at scheduleUpdateOnFiber (node_modules/react-dom/cjs/react-dom-client.development.js:16409:11)
      at dispatchSetStateInternal (node_modules/react-dom/cjs/react-dom-client.development.js:9170:13)
      at setStatesResp (node_modules/react-dom/cjs/react-dom-client.development.js:9127:7)
      at src/App.js:200:7

    console.error
      An update to App inside a test was not wrapped in act(...).
      
      When testing, code that causes React state updates should be wrapped into act(...):
      
      act(() => {
        /* fire events that update state */
      });
      /* assert on the output */
      
      This ensures that you're testing the behavior the user would see in the browser. Learn more at https://react.dev/link/wrap-tests-with-act

    [0m [90m 199 |[39m     [36mtry[39m {
     [90m 200 |[39m       setStatesResp([36mawait[39m fetchJson(apiBase[33m,[39m [32m"/state/read"[39m))[33m;[39m
    [31m[1m>[22m[39m[90m 201 |[39m       setLastTouched((prev) [33m=>[39m ({ [33m...[39mprev[33m,[39m states[33m:[39m [36mnew[39m [33mDate[39m() }))[33m;[39m
     [90m     |[39m       [31m[1m^[22m[39m
     [90m 202 |[39m     } [36mcatch[39m (e) {
     [90m 203 |[39m       setStatesErr(e[33m.[39mmessage)[33m;[39m
     [90m 204 |[39m       setGlobalError([33mERROR_MESSAGES[39m[33m.[39m[33mFETCH_ERROR[39m)[33m;[39m[0m

      at node_modules/react-dom/cjs/react-dom-client.development.js:18758:19
      at runWithFiberInDEV (node_modules/react-dom/cjs/react-dom-client.development.js:874:13)
      at warnIfUpdatesNotWrappedWithActDEV (node_modules/react-dom/cjs/react-dom-client.development.js:18757:9)
      at scheduleUpdateOnFiber (node_modules/react-dom/cjs/react-dom-client.development.js:16409:11)
      at dispatchSetStateInternal (node_modules/react-dom/cjs/react-dom-client.development.js:9170:13)
      at setLastTouched (node_modules/react-dom/cjs/react-dom-client.development.js:9127:7)
      at src/App.js:201:7

    console.error
      An update to App inside a test was not wrapped in act(...).
      
      When testing, code that causes React state updates should be wrapped into act(...):
      
      act(() => {
        /* fire events that update state */
      });
      /* assert on the output */
      
      This ensures that you're testing the behavior the user would see in the browser. Learn more at https://react.dev/link/wrap-tests-with-act

    [0m [90m 204 |[39m       setGlobalError([33mERROR_MESSAGES[39m[33m.[39m[33mFETCH_ERROR[39m)[33m;[39m
     [90m 205 |[39m     } [36mfinally[39m {
    [31m[1m>[22m[39m[90m 206 |[39m     setLoadingStates([36mfalse[39m)[33m;[39m
     [90m     |[39m     [31m[1m^[22m[39m
     [90m 207 |[39m     }
     [90m 208 |[39m   }[33m,[39m [apiBase])[33m;[39m
     [90m 209 |[39m[0m

      at node_modules/react-dom/cjs/react-dom-client.development.js:18758:19
      at runWithFiberInDEV (node_modules/react-dom/cjs/react-dom-client.development.js:874:13)
      at warnIfUpdatesNotWrappedWithActDEV (node_modules/react-dom/cjs/react-dom-client.development.js:18757:9)
      at scheduleUpdateOnFiber (node_modules/react-dom/cjs/react-dom-client.development.js:16409:11)
      at dispatchSetStateInternal (node_modules/react-dom/cjs/react-dom-client.development.js:9170:13)
      at setLoadingStates (node_modules/react-dom/cjs/react-dom-client.development.js:9127:7)
      at src/App.js:206:5

    console.error
      An update to App inside a test was not wrapped in act(...).
      
      When testing, code that causes React state updates should be wrapped into act(...):
      
      act(() => {
        /* fire events that update state */
      });
      /* assert on the output */
      
      This ensures that you're testing the behavior the user would see in the browser. Learn more at https://react.dev/link/wrap-tests-with-act

    [0m [90m 217 |[39m       [36mconst[39m results [33m=[39m [33mArray[39m[33m.[39misArray(data) [33m?[39m data [33m:[39m data[33m?[39m[33m.[39mcities [33m||[39m data[33m?[39m[33m.[39mresults [33m||[39m [][33m;[39m
     [90m 218 |[39m   
    [31m[1m>[22m[39m[90m 219 |[39m       setCities(data)[33m;[39m
     [90m     |[39m       [31m[1m^[22m[39m
     [90m 220 |[39m       setMapCities(results)[33m;[39m
     [90m 221 |[39m   
     [90m 222 |[39m       [36mconst[39m code [33m=[39m stateCode[33m.[39mtrim()[33m.[39mtoUpperCase()[33m;[39m[0m

      at node_modules/react-dom/cjs/react-dom-client.development.js:18758:19
      at runWithFiberInDEV (node_modules/react-dom/cjs/react-dom-client.development.js:874:13)
      at warnIfUpdatesNotWrappedWithActDEV (node_modules/react-dom/cjs/react-dom-client.development.js:18757:9)
      at scheduleUpdateOnFiber (node_modules/react-dom/cjs/react-dom-client.development.js:16409:11)
      at dispatchSetStateInternal (node_modules/react-dom/cjs/react-dom-client.development.js:9170:13)
      at setCities (node_modules/react-dom/cjs/react-dom-client.development.js:9127:7)
      at src/App.js:219:7

    console.error
      An update to App inside a test was not wrapped in act(...).
      
      When testing, code that causes React state updates should be wrapped into act(...):
      
      act(() => {
        /* fire events that update state */
      });
      /* assert on the output */
      
      This ensures that you're testing the behavior the user would see in the browser. Learn more at https://react.dev/link/wrap-tests-with-act

    [0m [90m 218 |[39m   
     [90m 219 |[39m       setCities(data)[33m;[39m
    [31m[1m>[22m[39m[90m 220 |[39m       setMapCities(results)[33m;[39m
     [90m     |[39m       [31m[1m^[22m[39m
     [90m 221 |[39m   
     [90m 222 |[39m       [36mconst[39m code [33m=[39m stateCode[33m.[39mtrim()[33m.[39mtoUpperCase()[33m;[39m
     [90m 223 |[39m       [36mif[39m (code) {[0m

      at node_modules/react-dom/cjs/react-dom-client.development.js:18758:19
      at runWithFiberInDEV (node_modules/react-dom/cjs/react-dom-client.development.js:874:13)
      at warnIfUpdatesNotWrappedWithActDEV (node_modules/react-dom/cjs/react-dom-client.development.js:18757:9)
      at scheduleUpdateOnFiber (node_modules/react-dom/cjs/react-dom-client.development.js:16409:11)
      at dispatchSetStateInternal (node_modules/react-dom/cjs/react-dom-client.development.js:9170:13)
      at setMapCities (node_modules/react-dom/cjs/react-dom-client.development.js:9127:7)
      at src/App.js:220:7

    console.error
      An update to App inside a test was not wrapped in act(...).
      
      When testing, code that causes React state updates should be wrapped into act(...):
      
      act(() => {
        /* fire events that update state */
      });
      /* assert on the output */
      
      This ensures that you're testing the behavior the user would see in the browser. Learn more at https://react.dev/link/wrap-tests-with-act

    [0m [90m 222 |[39m       [36mconst[39m code [33m=[39m stateCode[33m.[39mtrim()[33m.[39mtoUpperCase()[33m;[39m
     [90m 223 |[39m       [36mif[39m (code) {
    [31m[1m>[22m[39m[90m 224 |[39m         setSelectedMapState(code)[33m;[39m
     [90m     |[39m         [31m[1m^[22m[39m
     [90m 225 |[39m       }
     [90m 226 |[39m   
     [90m 227 |[39m       setVisibleCount([35m10[39m)[33m;[39m[0m

      at node_modules/react-dom/cjs/react-dom-client.development.js:18758:19
      at runWithFiberInDEV (node_modules/react-dom/cjs/react-dom-client.development.js:874:13)
      at warnIfUpdatesNotWrappedWithActDEV (node_modules/react-dom/cjs/react-dom-client.development.js:18757:9)
      at scheduleUpdateOnFiber (node_modules/react-dom/cjs/react-dom-client.development.js:16409:11)
      at dispatchSetStateInternal (node_modules/react-dom/cjs/react-dom-client.development.js:9170:13)
      at setSelectedMapState (node_modules/react-dom/cjs/react-dom-client.development.js:9127:7)
      at src/App.js:224:9

    console.error
      An update to App inside a test was not wrapped in act(...).
      
      When testing, code that causes React state updates should be wrapped into act(...):
      
      act(() => {
        /* fire events that update state */
      });
      /* assert on the output */
      
      This ensures that you're testing the behavior the user would see in the browser. Learn more at https://react.dev/link/wrap-tests-with-act

    [0m [90m 225 |[39m       }
     [90m 226 |[39m   
    [31m[1m>[22m[39m[90m 227 |[39m       setVisibleCount([35m10[39m)[33m;[39m
     [90m     |[39m       [31m[1m^[22m[39m
     [90m 228 |[39m       setLastTouched((prev) [33m=>[39m ({ [33m...[39mprev[33m,[39m cities[33m:[39m [36mnew[39m [33mDate[39m() }))[33m;[39m
     [90m 229 |[39m     } [36mcatch[39m (e) {
     [90m 230 |[39m       setCitiesErr(e[33m.[39mmessage)[33m;[39m[0m

      at node_modules/react-dom/cjs/react-dom-client.development.js:18758:19
      at runWithFiberInDEV (node_modules/react-dom/cjs/react-dom-client.development.js:874:13)
      at warnIfUpdatesNotWrappedWithActDEV (node_modules/react-dom/cjs/react-dom-client.development.js:18757:9)
      at scheduleUpdateOnFiber (node_modules/react-dom/cjs/react-dom-client.development.js:16409:11)
      at dispatchSetStateInternal (node_modules/react-dom/cjs/react-dom-client.development.js:9170:13)
      at setVisibleCount (node_modules/react-dom/cjs/react-dom-client.development.js:9127:7)
      at src/App.js:227:7

    console.error
      An update to App inside a test was not wrapped in act(...).
      
      When testing, code that causes React state updates should be wrapped into act(...):
      
      act(() => {
        /* fire events that update state */
      });
      /* assert on the output */
      
      This ensures that you're testing the behavior the user would see in the browser. Learn more at https://react.dev/link/wrap-tests-with-act

    [0m [90m 226 |[39m   
     [90m 227 |[39m       setVisibleCount([35m10[39m)[33m;[39m
    [31m[1m>[22m[39m[90m 228 |[39m       setLastTouched((prev) [33m=>[39m ({ [33m...[39mprev[33m,[39m cities[33m:[39m [36mnew[39m [33mDate[39m() }))[33m;[39m
     [90m     |[39m       [31m[1m^[22m[39m
     [90m 229 |[39m     } [36mcatch[39m (e) {
     [90m 230 |[39m       setCitiesErr(e[33m.[39mmessage)[33m;[39m
     [90m 231 |[39m       setGlobalError([33mERROR_MESSAGES[39m[33m.[39m[33mFETCH_ERROR[39m)[33m;[39m[0m

      at node_modules/react-dom/cjs/react-dom-client.development.js:18758:19
      at runWithFiberInDEV (node_modules/react-dom/cjs/react-dom-client.development.js:874:13)
      at warnIfUpdatesNotWrappedWithActDEV (node_modules/react-dom/cjs/react-dom-client.development.js:18757:9)
      at scheduleUpdateOnFiber (node_modules/react-dom/cjs/react-dom-client.development.js:16409:11)
      at dispatchSetStateInternal (node_modules/react-dom/cjs/react-dom-client.development.js:9170:13)
      at setLastTouched (node_modules/react-dom/cjs/react-dom-client.development.js:9127:7)
      at src/App.js:228:7

    console.error
      An update to App inside a test was not wrapped in act(...).
      
      When testing, code that causes React state updates should be wrapped into act(...):
      
      act(() => {
        /* fire events that update state */
      });
      /* assert on the output */
      
      This ensures that you're testing the behavior the user would see in the browser. Learn more at https://react.dev/link/wrap-tests-with-act

    [0m [90m 231 |[39m       setGlobalError([33mERROR_MESSAGES[39m[33m.[39m[33mFETCH_ERROR[39m)[33m;[39m
     [90m 232 |[39m     } [36mfinally[39m {
    [31m[1m>[22m[39m[90m 233 |[39m       setLoadingCities([36mfalse[39m)[33m;[39m
     [90m     |[39m       [31m[1m^[22m[39m
     [90m 234 |[39m     }
     [90m 235 |[39m   }[33m,[39m [apiBase[33m,[39m citiesPath[33m,[39m stateCode])[33m;[39m
     [90m 236 |[39m[0m

      at node_modules/react-dom/cjs/react-dom-client.development.js:18758:19
      at runWithFiberInDEV (node_modules/react-dom/cjs/react-dom-client.development.js:874:13)
      at warnIfUpdatesNotWrappedWithActDEV (node_modules/react-dom/cjs/react-dom-client.development.js:18757:9)
      at scheduleUpdateOnFiber (node_modules/react-dom/cjs/react-dom-client.development.js:16409:11)
      at dispatchSetStateInternal (node_modules/react-dom/cjs/react-dom-client.development.js:9170:13)
      at setLoadingCities (node_modules/react-dom/cjs/react-dom-client.development.js:9127:7)
      at src/App.js:233:7

    console.error
      An update to App inside a test was not wrapped in act(...).
      
      When testing, code that causes React state updates should be wrapped into act(...):
      
      act(() => {
        /* fire events that update state */
      });
      /* assert on the output */
      
      This ensures that you're testing the behavior the user would see in the browser. Learn more at https://react.dev/link/wrap-tests-with-act

    [0m [90m 217 |[39m       [36mconst[39m results [33m=[39m [33mArray[39m[33m.[39misArray(data) [33m?[39m data [33m:[39m data[33m?[39m[33m.[39mcities [33m||[39m data[33m?[39m[33m.[39mresults [33m||[39m [][33m;[39m
     [90m 218 |[39m   
    [31m[1m>[22m[39m[90m 219 |[39m       setCities(data)[33m;[39m
     [90m     |[39m       [31m[1m^[22m[39m
     [90m 220 |[39m       setMapCities(results)[33m;[39m
     [90m 221 |[39m   
     [90m 222 |[39m       [36mconst[39m code [33m=[39m stateCode[33m.[39mtrim()[33m.[39mtoUpperCase()[33m;[39m[0m

      at node_modules/react-dom/cjs/react-dom-client.development.js:18758:19
      at runWithFiberInDEV (node_modules/react-dom/cjs/react-dom-client.development.js:874:13)
      at warnIfUpdatesNotWrappedWithActDEV (node_modules/react-dom/cjs/react-dom-client.development.js:18757:9)
      at scheduleUpdateOnFiber (node_modules/react-dom/cjs/react-dom-client.development.js:16409:11)
      at dispatchSetStateInternal (node_modules/react-dom/cjs/react-dom-client.development.js:9170:13)
      at setCities (node_modules/react-dom/cjs/react-dom-client.development.js:9127:7)
      at src/App.js:219:7

    console.error
      An update to App inside a test was not wrapped in act(...).
      
      When testing, code that causes React state updates should be wrapped into act(...):
      
      act(() => {
        /* fire events that update state */
      });
      /* assert on the output */
      
      This ensures that you're testing the behavior the user would see in the browser. Learn more at https://react.dev/link/wrap-tests-with-act

    [0m [90m 218 |[39m   
     [90m 219 |[39m       setCities(data)[33m;[39m
    [31m[1m>[22m[39m[90m 220 |[39m       setMapCities(results)[33m;[39m
     [90m     |[39m       [31m[1m^[22m[39m
     [90m 221 |[39m   
     [90m 222 |[39m       [36mconst[39m code [33m=[39m stateCode[33m.[39mtrim()[33m.[39mtoUpperCase()[33m;[39m
     [90m 223 |[39m       [36mif[39m (code) {[0m

      at node_modules/react-dom/cjs/react-dom-client.development.js:18758:19
      at runWithFiberInDEV (node_modules/react-dom/cjs/react-dom-client.development.js:874:13)
      at warnIfUpdatesNotWrappedWithActDEV (node_modules/react-dom/cjs/react-dom-client.development.js:18757:9)
      at scheduleUpdateOnFiber (node_modules/react-dom/cjs/react-dom-client.development.js:16409:11)
      at dispatchSetStateInternal (node_modules/react-dom/cjs/react-dom-client.development.js:9170:13)
      at setMapCities (node_modules/react-dom/cjs/react-dom-client.development.js:9127:7)
      at src/App.js:220:7

    console.error
      An update to App inside a test was not wrapped in act(...).
      
      When testing, code that causes React state updates should be wrapped into act(...):
      
      act(() => {
        /* fire events that update state */
      });
      /* assert on the output */
      
      This ensures that you're testing the behavior the user would see in the browser. Learn more at https://react.dev/link/wrap-tests-with-act

    [0m [90m 222 |[39m       [36mconst[39m code [33m=[39m stateCode[33m.[39mtrim()[33m.[39mtoUpperCase()[33m;[39m
     [90m 223 |[39m       [36mif[39m (code) {
    [31m[1m>[22m[39m[90m 224 |[39m         setSelectedMapState(code)[33m;[39m
     [90m     |[39m         [31m[1m^[22m[39m
     [90m 225 |[39m       }
     [90m 226 |[39m   
     [90m 227 |[39m       setVisibleCount([35m10[39m)[33m;[39m[0m

      at node_modules/react-dom/cjs/react-dom-client.development.js:18758:19
      at runWithFiberInDEV (node_modules/react-dom/cjs/react-dom-client.development.js:874:13)
      at warnIfUpdatesNotWrappedWithActDEV (node_modules/react-dom/cjs/react-dom-client.development.js:18757:9)
      at scheduleUpdateOnFiber (node_modules/react-dom/cjs/react-dom-client.development.js:16409:11)
      at dispatchSetStateInternal (node_modules/react-dom/cjs/react-dom-client.development.js:9170:13)
      at setSelectedMapState (node_modules/react-dom/cjs/react-dom-client.development.js:9127:7)
      at src/App.js:224:9

    console.error
      An update to App inside a test was not wrapped in act(...).
      
      When testing, code that causes React state updates should be wrapped into act(...):
      
      act(() => {
        /* fire events that update state */
      });
      /* assert on the output */
      
      This ensures that you're testing the behavior the user would see in the browser. Learn more at https://react.dev/link/wrap-tests-with-act

    [0m [90m 225 |[39m       }
     [90m 226 |[39m   
    [31m[1m>[22m[39m[90m 227 |[39m       setVisibleCount([35m10[39m)[33m;[39m
     [90m     |[39m       [31m[1m^[22m[39m
     [90m 228 |[39m       setLastTouched((prev) [33m=>[39m ({ [33m...[39mprev[33m,[39m cities[33m:[39m [36mnew[39m [33mDate[39m() }))[33m;[39m
     [90m 229 |[39m     } [36mcatch[39m (e) {
     [90m 230 |[39m       setCitiesErr(e[33m.[39mmessage)[33m;[39m[0m

      at node_modules/react-dom/cjs/react-dom-client.development.js:18758:19
      at runWithFiberInDEV (node_modules/react-dom/cjs/react-dom-client.development.js:874:13)
      at warnIfUpdatesNotWrappedWithActDEV (node_modules/react-dom/cjs/react-dom-client.development.js:18757:9)
      at scheduleUpdateOnFiber (node_modules/react-dom/cjs/react-dom-client.development.js:16409:11)
      at dispatchSetStateInternal (node_modules/react-dom/cjs/react-dom-client.development.js:9170:13)
      at setVisibleCount (node_modules/react-dom/cjs/react-dom-client.development.js:9127:7)
      at src/App.js:227:7

    console.error
      An update to App inside a test was not wrapped in act(...).
      
      When testing, code that causes React state updates should be wrapped into act(...):
      
      act(() => {
        /* fire events that update state */
      });
      /* assert on the output */
      
      This ensures that you're testing the behavior the user would see in the browser. Learn more at https://react.dev/link/wrap-tests-with-act

    [0m [90m 226 |[39m   
     [90m 227 |[39m       setVisibleCount([35m10[39m)[33m;[39m
    [31m[1m>[22m[39m[90m 228 |[39m       setLastTouched((prev) [33m=>[39m ({ [33m...[39mprev[33m,[39m cities[33m:[39m [36mnew[39m [33mDate[39m() }))[33m;[39m
     [90m     |[39m       [31m[1m^[22m[39m
     [90m 229 |[39m     } [36mcatch[39m (e) {
     [90m 230 |[39m       setCitiesErr(e[33m.[39mmessage)[33m;[39m
     [90m 231 |[39m       setGlobalError([33mERROR_MESSAGES[39m[33m.[39m[33mFETCH_ERROR[39m)[33m;[39m[0m

      at node_modules/react-dom/cjs/react-dom-client.development.js:18758:19
      at runWithFiberInDEV (node_modules/react-dom/cjs/react-dom-client.development.js:874:13)
      at warnIfUpdatesNotWrappedWithActDEV (node_modules/react-dom/cjs/react-dom-client.development.js:18757:9)
      at scheduleUpdateOnFiber (node_modules/react-dom/cjs/react-dom-client.development.js:16409:11)
      at dispatchSetStateInternal (node_modules/react-dom/cjs/react-dom-client.development.js:9170:13)
      at setLastTouched (node_modules/react-dom/cjs/react-dom-client.development.js:9127:7)
      at src/App.js:228:7

    console.error
      An update to App inside a test was not wrapped in act(...).
      
      When testing, code that causes React state updates should be wrapped into act(...):
      
      act(() => {
        /* fire events that update state */
      });
      /* assert on the output */
      
      This ensures that you're testing the behavior the user would see in the browser. Learn more at https://react.dev/link/wrap-tests-with-act

    [0m [90m 231 |[39m       setGlobalError([33mERROR_MESSAGES[39m[33m.[39m[33mFETCH_ERROR[39m)[33m;[39m
     [90m 232 |[39m     } [36mfinally[39m {
    [31m[1m>[22m[39m[90m 233 |[39m       setLoadingCities([36mfalse[39m)[33m;[39m
     [90m     |[39m       [31m[1m^[22m[39m
     [90m 234 |[39m     }
     [90m 235 |[39m   }[33m,[39m [apiBase[33m,[39m citiesPath[33m,[39m stateCode])[33m;[39m
     [90m 236 |[39m[0m

      at node_modules/react-dom/cjs/react-dom-client.development.js:18758:19
      at runWithFiberInDEV (node_modules/react-dom/cjs/react-dom-client.development.js:874:13)
      at warnIfUpdatesNotWrappedWithActDEV (node_modules/react-dom/cjs/react-dom-client.development.js:18757:9)
      at scheduleUpdateOnFiber (node_modules/react-dom/cjs/react-dom-client.development.js:16409:11)
      at dispatchSetStateInternal (node_modules/react-dom/cjs/react-dom-client.development.js:9170:13)
      at setLoadingCities (node_modules/react-dom/cjs/react-dom-client.development.js:9127:7)
      at src/App.js:233:7

    console.error
      An update to App inside a test was not wrapped in act(...).
      
      When testing, code that causes React state updates should be wrapped into act(...):
      
      act(() => {
        /* fire events that update state */
      });
      /* assert on the output */
      
      This ensures that you're testing the behavior the user would see in the browser. Learn more at https://react.dev/link/wrap-tests-with-act

    [0m [90m 217 |[39m       [36mconst[39m results [33m=[39m [33mArray[39m[33m.[39misArray(data) [33m?[39m data [33m:[39m data[33m?[39m[33m.[39mcities [33m||[39m data[33m?[39m[33m.[39mresults [33m||[39m [][33m;[39m
     [90m 218 |[39m   
    [31m[1m>[22m[39m[90m 219 |[39m       setCities(data)[33m;[39m
     [90m     |[39m       [31m[1m^[22m[39m
     [90m 220 |[39m       setMapCities(results)[33m;[39m
     [90m 221 |[39m   
     [90m 222 |[39m       [36mconst[39m code [33m=[39m stateCode[33m.[39mtrim()[33m.[39mtoUpperCase()[33m;[39m[0m

      at node_modules/react-dom/cjs/react-dom-client.development.js:18758:19
      at runWithFiberInDEV (node_modules/react-dom/cjs/react-dom-client.development.js:874:13)
      at warnIfUpdatesNotWrappedWithActDEV (node_modules/react-dom/cjs/react-dom-client.development.js:18757:9)
      at scheduleUpdateOnFiber (node_modules/react-dom/cjs/react-dom-client.development.js:16409:11)
      at dispatchSetStateInternal (node_modules/react-dom/cjs/react-dom-client.development.js:9170:13)
      at setCities (node_modules/react-dom/cjs/react-dom-client.development.js:9127:7)
      at src/App.js:219:7

    console.error
      An update to App inside a test was not wrapped in act(...).
      
      When testing, code that causes React state updates should be wrapped into act(...):
      
      act(() => {
        /* fire events that update state */
      });
      /* assert on the output */
      
      This ensures that you're testing the behavior the user would see in the browser. Learn more at https://react.dev/link/wrap-tests-with-act

    [0m [90m 218 |[39m   
     [90m 219 |[39m       setCities(data)[33m;[39m
    [31m[1m>[22m[39m[90m 220 |[39m       setMapCities(results)[33m;[39m
     [90m     |[39m       [31m[1m^[22m[39m
     [90m 221 |[39m   
     [90m 222 |[39m       [36mconst[39m code [33m=[39m stateCode[33m.[39mtrim()[33m.[39mtoUpperCase()[33m;[39m
     [90m 223 |[39m       [36mif[39m (code) {[0m

      at node_modules/react-dom/cjs/react-dom-client.development.js:18758:19
      at runWithFiberInDEV (node_modules/react-dom/cjs/react-dom-client.development.js:874:13)
      at warnIfUpdatesNotWrappedWithActDEV (node_modules/react-dom/cjs/react-dom-client.development.js:18757:9)
      at scheduleUpdateOnFiber (node_modules/react-dom/cjs/react-dom-client.development.js:16409:11)
      at dispatchSetStateInternal (node_modules/react-dom/cjs/react-dom-client.development.js:9170:13)
      at setMapCities (node_modules/react-dom/cjs/react-dom-client.development.js:9127:7)
      at src/App.js:220:7

    console.error
      An update to App inside a test was not wrapped in act(...).
      
      When testing, code that causes React state updates should be wrapped into act(...):
      
      act(() => {
        /* fire events that update state */
      });
      /* assert on the output */
      
      This ensures that you're testing the behavior the user would see in the browser. Learn more at https://react.dev/link/wrap-tests-with-act

    [0m [90m 222 |[39m       [36mconst[39m code [33m=[39m stateCode[33m.[39mtrim()[33m.[39mtoUpperCase()[33m;[39m
     [90m 223 |[39m       [36mif[39m (code) {
    [31m[1m>[22m[39m[90m 224 |[39m         setSelectedMapState(code)[33m;[39m
     [90m     |[39m         [31m[1m^[22m[39m
     [90m 225 |[39m       }
     [90m 226 |[39m   
     [90m 227 |[39m       setVisibleCount([35m10[39m)[33m;[39m[0m

      at node_modules/react-dom/cjs/react-dom-client.development.js:18758:19
      at runWithFiberInDEV (node_modules/react-dom/cjs/react-dom-client.development.js:874:13)
      at warnIfUpdatesNotWrappedWithActDEV (node_modules/react-dom/cjs/react-dom-client.development.js:18757:9)
      at scheduleUpdateOnFiber (node_modules/react-dom/cjs/react-dom-client.development.js:16409:11)
      at dispatchSetStateInternal (node_modules/react-dom/cjs/react-dom-client.development.js:9170:13)
      at setSelectedMapState (node_modules/react-dom/cjs/react-dom-client.development.js:9127:7)
      at src/App.js:224:9

    console.error
      An update to App inside a test was not wrapped in act(...).
      
      When testing, code that causes React state updates should be wrapped into act(...):
      
      act(() => {
        /* fire events that update state */
      });
      /* assert on the output */
      
      This ensures that you're testing the behavior the user would see in the browser. Learn more at https://react.dev/link/wrap-tests-with-act

    [0m [90m 225 |[39m       }
     [90m 226 |[39m   
    [31m[1m>[22m[39m[90m 227 |[39m       setVisibleCount([35m10[39m)[33m;[39m
     [90m     |[39m       [31m[1m^[22m[39m
     [90m 228 |[39m       setLastTouched((prev) [33m=>[39m ({ [33m...[39mprev[33m,[39m cities[33m:[39m [36mnew[39m [33mDate[39m() }))[33m;[39m
     [90m 229 |[39m     } [36mcatch[39m (e) {
     [90m 230 |[39m       setCitiesErr(e[33m.[39mmessage)[33m;[39m[0m

      at node_modules/react-dom/cjs/react-dom-client.development.js:18758:19
      at runWithFiberInDEV (node_modules/react-dom/cjs/react-dom-client.development.js:874:13)
      at warnIfUpdatesNotWrappedWithActDEV (node_modules/react-dom/cjs/react-dom-client.development.js:18757:9)
      at scheduleUpdateOnFiber (node_modules/react-dom/cjs/react-dom-client.development.js:16409:11)
      at dispatchSetStateInternal (node_modules/react-dom/cjs/react-dom-client.development.js:9170:13)
      at setVisibleCount (node_modules/react-dom/cjs/react-dom-client.development.js:9127:7)
      at src/App.js:227:7

    console.error
      An update to App inside a test was not wrapped in act(...).
      
      When testing, code that causes React state updates should be wrapped into act(...):
      
      act(() => {
        /* fire events that update state */
      });
      /* assert on the output */
      
      This ensures that you're testing the behavior the user would see in the browser. Learn more at https://react.dev/link/wrap-tests-with-act

    [0m [90m 226 |[39m   
     [90m 227 |[39m       setVisibleCount([35m10[39m)[33m;[39m
    [31m[1m>[22m[39m[90m 228 |[39m       setLastTouched((prev) [33m=>[39m ({ [33m...[39mprev[33m,[39m cities[33m:[39m [36mnew[39m [33mDate[39m() }))[33m;[39m
     [90m     |[39m       [31m[1m^[22m[39m
     [90m 229 |[39m     } [36mcatch[39m (e) {
     [90m 230 |[39m       setCitiesErr(e[33m.[39mmessage)[33m;[39m
     [90m 231 |[39m       setGlobalError([33mERROR_MESSAGES[39m[33m.[39m[33mFETCH_ERROR[39m)[33m;[39m[0m

      at node_modules/react-dom/cjs/react-dom-client.development.js:18758:19
      at runWithFiberInDEV (node_modules/react-dom/cjs/react-dom-client.development.js:874:13)
      at warnIfUpdatesNotWrappedWithActDEV (node_modules/react-dom/cjs/react-dom-client.development.js:18757:9)
      at scheduleUpdateOnFiber (node_modules/react-dom/cjs/react-dom-client.development.js:16409:11)
      at dispatchSetStateInternal (node_modules/react-dom/cjs/react-dom-client.development.js:9170:13)
      at setLastTouched (node_modules/react-dom/cjs/react-dom-client.development.js:9127:7)
      at src/App.js:228:7

    console.error
      An update to App inside a test was not wrapped in act(...).
      
      When testing, code that causes React state updates should be wrapped into act(...):
      
      act(() => {
        /* fire events that update state */
      });
      /* assert on the output */
      
      This ensures that you're testing the behavior the user would see in the browser. Learn more at https://react.dev/link/wrap-tests-with-act

    [0m [90m 231 |[39m       setGlobalError([33mERROR_MESSAGES[39m[33m.[39m[33mFETCH_ERROR[39m)[33m;[39m
     [90m 232 |[39m     } [36mfinally[39m {
    [31m[1m>[22m[39m[90m 233 |[39m       setLoadingCities([36mfalse[39m)[33m;[39m
     [90m     |[39m       [31m[1m^[22m[39m
     [90m 234 |[39m     }
     [90m 235 |[39m   }[33m,[39m [apiBase[33m,[39m citiesPath[33m,[39m stateCode])[33m;[39m
     [90m 236 |[39m[0m

      at node_modules/react-dom/cjs/react-dom-client.development.js:18758:19
      at runWithFiberInDEV (node_modules/react-dom/cjs/react-dom-client.development.js:874:13)
      at warnIfUpdatesNotWrappedWithActDEV (node_modules/react-dom/cjs/react-dom-client.development.js:18757:9)
      at scheduleUpdateOnFiber (node_modules/react-dom/cjs/react-dom-client.development.js:16409:11)
      at dispatchSetStateInternal (node_modules/react-dom/cjs/react-dom-client.development.js:9170:13)
      at setLoadingCities (node_modules/react-dom/cjs/react-dom-client.development.js:9127:7)
      at src/App.js:233:7

PASS src/CityComparison.test.js
  ● Console

    console.error
      `ReactDOMTestUtils.act` is deprecated in favor of `React.act`. Import `act` from `react` instead of `react-dom/test-utils`. See https://react.dev/warnings/react-dom-test-utils for more info.

    [0m [90m 17 |[39m
     [90m 18 |[39m   test([32m"renders null when cities array is empty"[39m[33m,[39m () [33m=>[39m {
    [31m[1m>[22m[39m[90m 19 |[39m     [36mconst[39m { container } [33m=[39m render(
     [90m    |[39m                                 [31m[1m^[22m[39m
     [90m 20 |[39m       [33m<[39m[33mCityComparison[39m cities[33m=[39m{[]} onRemoveCity[33m=[39m{mockOnRemoveCity} [33m/[39m[33m>[39m
     [90m 21 |[39m     )[33m;[39m
     [90m 22 |[39m     expect(container[33m.[39mfirstChild)[33m.[39mtoBeNull()[33m;[39m[0m

      at Object.<anonymous>.process.env.NODE_ENV.exports.act (node_modules/react-dom/cjs/react-dom-test-utils.development.js:19:17)
      at node_modules/@testing-library/react/dist/act-compat.js:63:25
      at renderRoot (node_modules/@testing-library/react/dist/pure.js:159:26)
      at render (node_modules/@testing-library/react/dist/pure.js:246:10)
      at Object.<anonymous> (src/CityComparison.test.js:19:33)

PASS src/HelloHealthCard.test.js
  ● Console

    console.error
      `ReactDOMTestUtils.act` is deprecated in favor of `React.act`. Import `act` from `react` instead of `react-dom/test-utils`. See https://react.dev/warnings/react-dom-test-utils for more info.

    [0m [90m 19 |[39m       text[33m:[39m [36masync[39m () [33m=>[39m [33mJSON[39m[33m.[39mstringify({ status[33m:[39m [32m'ok'[39m })[33m,[39m
     [90m 20 |[39m     })[33m;[39m
    [31m[1m>[22m[39m[90m 21 |[39m     render([33m<[39m[33mHelloHealthCard[39m [33m/[39m[33m>[39m)[33m;[39m
     [90m    |[39m           [31m[1m^[22m[39m
     [90m 22 |[39m     [36mconst[39m button [33m=[39m screen[33m.[39mgetByRole([32m'button'[39m[33m,[39m { name[33m:[39m [35m/check backend status/i[39m })[33m;[39m
     [90m 23 |[39m     expect(button)[33m.[39mtoBeInTheDocument()[33m;[39m
     [90m 24 |[39m   })[33m;[39m[0m

      at Object.<anonymous>.process.env.NODE_ENV.exports.act (node_modules/react-dom/cjs/react-dom-test-utils.development.js:19:17)
      at node_modules/@testing-library/react/dist/act-compat.js:63:25
      at renderRoot (node_modules/@testing-library/react/dist/pure.js:159:26)
      at render (node_modules/@testing-library/react/dist/pure.js:246:10)
      at Object.<anonymous> (src/HelloHealthCard.test.js:21:11)

    console.error
      An update to HelloHealthCard inside a test was not wrapped in act(...).
      
      When testing, code that causes React state updates should be wrapped into act(...):
      
      act(() => {
        /* fire events that update state */
      });
      /* assert on the output */
      
      This ensures that you're testing the behavior the user would see in the browser. Learn more at https://react.dev/link/wrap-tests-with-act

    [0m [90m 114 |[39m       [36mconst[39m resp [33m=[39m [36mawait[39m fetchJson(cleanBase[33m,[39m [32m"/hello"[39m)[33m;[39m
     [90m 115 |[39m       [36mconst[39m t1 [33m=[39m performance[33m.[39mnow()[33m;[39m
    [31m[1m>[22m[39m[90m 116 |[39m       setLatencyMs([33mMath[39m[33m.[39mround(t1 [33m-[39m t0))[33m;[39m
     [90m     |[39m       [31m[1m^[22m[39m
     [90m 117 |[39m       setCheckedAt([36mnew[39m [33mDate[39m())[33m;[39m
     [90m 118 |[39m       setStatus([32m"online"[39m)[33m;[39m
     [90m 119 |[39m       setData(resp)[33m;[39m[0m

      at node_modules/react-dom/cjs/react-dom-client.development.js:18758:19
      at runWithFiberInDEV (node_modules/react-dom/cjs/react-dom-client.development.js:874:13)
      at warnIfUpdatesNotWrappedWithActDEV (node_modules/react-dom/cjs/react-dom-client.development.js:18757:9)
      at scheduleUpdateOnFiber (node_modules/react-dom/cjs/react-dom-client.development.js:16409:11)
      at dispatchSetStateInternal (node_modules/react-dom/cjs/react-dom-client.development.js:9170:13)
      at setLatencyMs (node_modules/react-dom/cjs/react-dom-client.development.js:9127:7)
      at runCheck (src/HelloHealthCard.jsx:116:7)

    console.error
      An update to HelloHealthCard inside a test was not wrapped in act(...).
      
      When testing, code that causes React state updates should be wrapped into act(...):
      
      act(() => {
        /* fire events that update state */
      });
      /* assert on the output */
      
      This ensures that you're testing the behavior the user would see in the browser. Learn more at https://react.dev/link/wrap-tests-with-act

    [0m [90m 115 |[39m       [36mconst[39m t1 [33m=[39m performance[33m.[39mnow()[33m;[39m
     [90m 116 |[39m       setLatencyMs([33mMath[39m[33m.[39mround(t1 [33m-[39m t0))[33m;[39m
    [31m[1m>[22m[39m[90m 117 |[39m       setCheckedAt([36mnew[39m [33mDate[39m())[33m;[39m
     [90m     |[39m       [31m[1m^[22m[39m
     [90m 118 |[39m       setStatus([32m"online"[39m)[33m;[39m
     [90m 119 |[39m       setData(resp)[33m;[39m
     [90m 120 |[39m     } [36mcatch[39m (e) {[0m

      at node_modules/react-dom/cjs/react-dom-client.development.js:18758:19
      at runWithFiberInDEV (node_modules/react-dom/cjs/react-dom-client.development.js:874:13)
      at warnIfUpdatesNotWrappedWithActDEV (node_modules/react-dom/cjs/react-dom-client.development.js:18757:9)
      at scheduleUpdateOnFiber (node_modules/react-dom/cjs/react-dom-client.development.js:16409:11)
      at dispatchSetStateInternal (node_modules/react-dom/cjs/react-dom-client.development.js:9170:13)
      at setCheckedAt (node_modules/react-dom/cjs/react-dom-client.development.js:9127:7)
      at runCheck (src/HelloHealthCard.jsx:117:7)

    console.error
      An update to HelloHealthCard inside a test was not wrapped in act(...).
      
      When testing, code that causes React state updates should be wrapped into act(...):
      
      act(() => {
        /* fire events that update state */
      });
      /* assert on the output */
      
      This ensures that you're testing the behavior the user would see in the browser. Learn more at https://react.dev/link/wrap-tests-with-act

    [0m [90m 116 |[39m       setLatencyMs([33mMath[39m[33m.[39mround(t1 [33m-[39m t0))[33m;[39m
     [90m 117 |[39m       setCheckedAt([36mnew[39m [33mDate[39m())[33m;[39m
    [31m[1m>[22m[39m[90m 118 |[39m       setStatus([32m"online"[39m)[33m;[39m
     [90m     |[39m       [31m[1m^[22m[39m
     [90m 119 |[39m       setData(resp)[33m;[39m
     [90m 120 |[39m     } [36mcatch[39m (e) {
     [90m 121 |[39m       [36mconst[39m t1 [33m=[39m performance[33m.[39mnow()[33m;[39m[0m

      at node_modules/react-dom/cjs/react-dom-client.development.js:18758:19
      at runWithFiberInDEV (node_modules/react-dom/cjs/react-dom-client.development.js:874:13)
      at warnIfUpdatesNotWrappedWithActDEV (node_modules/react-dom/cjs/react-dom-client.development.js:18757:9)
      at scheduleUpdateOnFiber (node_modules/react-dom/cjs/react-dom-client.development.js:16409:11)
      at dispatchSetStateInternal (node_modules/react-dom/cjs/react-dom-client.development.js:9170:13)
      at setStatus (node_modules/react-dom/cjs/react-dom-client.development.js:9127:7)
      at runCheck (src/HelloHealthCard.jsx:118:7)

    console.error
      An update to HelloHealthCard inside a test was not wrapped in act(...).
      
      When testing, code that causes React state updates should be wrapped into act(...):
      
      act(() => {
        /* fire events that update state */
      });
      /* assert on the output */
      
      This ensures that you're testing the behavior the user would see in the browser. Learn more at https://react.dev/link/wrap-tests-with-act

    [0m [90m 117 |[39m       setCheckedAt([36mnew[39m [33mDate[39m())[33m;[39m
     [90m 118 |[39m       setStatus([32m"online"[39m)[33m;[39m
    [31m[1m>[22m[39m[90m 119 |[39m       setData(resp)[33m;[39m
     [90m     |[39m       [31m[1m^[22m[39m
     [90m 120 |[39m     } [36mcatch[39m (e) {
     [90m 121 |[39m       [36mconst[39m t1 [33m=[39m performance[33m.[39mnow()[33m;[39m
     [90m 122 |[39m       setLatencyMs([33mMath[39m[33m.[39mround(t1 [33m-[39m t0))[33m;[39m[0m

      at node_modules/react-dom/cjs/react-dom-client.development.js:18758:19
      at runWithFiberInDEV (node_modules/react-dom/cjs/react-dom-client.development.js:874:13)
      at warnIfUpdatesNotWrappedWithActDEV (node_modules/react-dom/cjs/react-dom-client.development.js:18757:9)
      at scheduleUpdateOnFiber (node_modules/react-dom/cjs/react-dom-client.development.js:16409:11)
      at dispatchSetStateInternal (node_modules/react-dom/cjs/react-dom-client.development.js:9170:13)
      at setData (node_modules/react-dom/cjs/react-dom-client.development.js:9127:7)
      at runCheck (src/HelloHealthCard.jsx:119:7)

    console.error
      An update to HelloHealthCard inside a test was not wrapped in act(...).
      
      When testing, code that causes React state updates should be wrapped into act(...):
      
      act(() => {
        /* fire events that update state */
      });
      /* assert on the output */
      
      This ensures that you're testing the behavior the user would see in the browser. Learn more at https://react.dev/link/wrap-tests-with-act

    [0m [90m 125 |[39m       setError([33mString[39m(e[33m.[39mmessage [33m||[39m e))[33m;[39m
     [90m 126 |[39m     } [36mfinally[39m {
    [31m[1m>[22m[39m[90m 127 |[39m       setLoading([36mfalse[39m)[33m;[39m
     [90m     |[39m       [31m[1m^[22m[39m
     [90m 128 |[39m     }
     [90m 129 |[39m   }
     [90m 130 |[39m[0m

      at node_modules/react-dom/cjs/react-dom-client.development.js:18758:19
      at runWithFiberInDEV (node_modules/react-dom/cjs/react-dom-client.development.js:874:13)
      at warnIfUpdatesNotWrappedWithActDEV (node_modules/react-dom/cjs/react-dom-client.development.js:18757:9)
      at scheduleUpdateOnFiber (node_modules/react-dom/cjs/react-dom-client.development.js:16409:11)
      at dispatchSetStateInternal (node_modules/react-dom/cjs/react-dom-client.development.js:9170:13)
      at setLoading (node_modules/react-dom/cjs/react-dom-client.development.js:9127:7)
      at runCheck (src/HelloHealthCard.jsx:127:7)

PASS src/useAPI.test.js
  ● Console

    console.error
      `ReactDOMTestUtils.act` is deprecated in favor of `React.act`. Import `act` from `react` instead of `react-dom/test-utils`. See https://react.dev/warnings/react-dom-test-utils for more info.

    [0m [90m 41 |[39m     })[33m;[39m
     [90m 42 |[39m
    [31m[1m>[22m[39m[90m 43 |[39m     render([33m<[39m[33mUseApiHarness[39m path[33m=[39m[32m"/hello"[39m [33m/[39m[33m>[39m)[33m;[39m
     [90m    |[39m           [31m[1m^[22m[39m
     [90m 44 |[39m     [36mawait[39m userEvent[33m.[39mclick(screen[33m.[39mgetByRole([32m"button"[39m[33m,[39m { name[33m:[39m [35m/send request/i[39m }))[33m;[39m
     [90m 45 |[39m
     [90m 46 |[39m     expect(screen[33m.[39mgetByTestId([32m"loading"[39m))[33m.[39mtoHaveTextContent([32m"loading"[39m)[33m;[39m[0m

      at Object.<anonymous>.process.env.NODE_ENV.exports.act (node_modules/react-dom/cjs/react-dom-test-utils.development.js:19:17)
      at node_modules/@testing-library/react/dist/act-compat.js:63:25
      at renderRoot (node_modules/@testing-library/react/dist/pure.js:159:26)
      at render (node_modules/@testing-library/react/dist/pure.js:246:10)
      at Object.<anonymous> (src/useAPI.test.js:43:11)

PASS src/useDropdownOptions.test.js
  ● Console

    console.error
      `ReactDOMTestUtils.act` is deprecated in favor of `React.act`. Import `act` from `react` instead of `react-dom/test-utils`. See https://react.dev/warnings/react-dom-test-utils for more info.

    [0m [90m 81 |[39m     })[33m;[39m
     [90m 82 |[39m     
    [31m[1m>[22m[39m[90m 83 |[39m     [36mconst[39m { result } [33m=[39m renderHook(() [33m=>[39m
     [90m    |[39m                                  [31m[1m^[22m[39m
     [90m 84 |[39m       useDropdownOptions([32m'http://localhost:8000'[39m[33m,[39m [32m'/state/options'[39m)
     [90m 85 |[39m     )[33m;[39m
     [90m 86 |[39m     [0m

      at Object.<anonymous>.process.env.NODE_ENV.exports.act (node_modules/react-dom/cjs/react-dom-test-utils.development.js:19:17)
      at node_modules/@testing-library/react/dist/act-compat.js:63:25
      at renderRoot (node_modules/@testing-library/react/dist/pure.js:159:26)
      at render (node_modules/@testing-library/react/dist/pure.js:246:10)
      at renderHook (node_modules/@testing-library/react/dist/pure.js:293:7)
      at Object.<anonymous> (src/useDropdownOptions.test.js:83:34)

    console.error
      An update to TestComponent inside a test was not wrapped in act(...).
      
      When testing, code that causes React state updates should be wrapped into act(...):
      
      act(() => {
        /* fire events that update state */
      });
      /* assert on the output */
      
      This ensures that you're testing the behavior the user would see in the browser. Learn more at https://react.dev/link/wrap-tests-with-act

    [0m [90m 48 |[39m         [90m// Handle both { options: [...] } and direct array responses[39m
     [90m 49 |[39m         [36mconst[39m optionsList [33m=[39m data[33m.[39moptions [33m||[39m data[33m;[39m
    [31m[1m>[22m[39m[90m 50 |[39m         setOptions([33mArray[39m[33m.[39misArray(optionsList) [33m?[39m optionsList [33m:[39m [])[33m;[39m
     [90m    |[39m         [31m[1m^[22m[39m
     [90m 51 |[39m       } [36mcatch[39m (err) {
     [90m 52 |[39m         setError(err[33m.[39mmessage)[33m;[39m
     [90m 53 |[39m         setOptions([])[33m;[39m[0m

      at node_modules/react-dom/cjs/react-dom-client.development.js:18758:19
      at runWithFiberInDEV (node_modules/react-dom/cjs/react-dom-client.development.js:874:13)
      at warnIfUpdatesNotWrappedWithActDEV (node_modules/react-dom/cjs/react-dom-client.development.js:18757:9)
      at scheduleUpdateOnFiber (node_modules/react-dom/cjs/react-dom-client.development.js:16409:11)
      at dispatchSetStateInternal (node_modules/react-dom/cjs/react-dom-client.development.js:9170:13)
      at setOptions (node_modules/react-dom/cjs/react-dom-client.development.js:9127:7)
      at loadOptions (src/useDropdownOptions.js:50:9)

    console.error
      An update to TestComponent inside a test was not wrapped in act(...).
      
      When testing, code that causes React state updates should be wrapped into act(...):
      
      act(() => {
        /* fire events that update state */
      });
      /* assert on the output */
      
      This ensures that you're testing the behavior the user would see in the browser. Learn more at https://react.dev/link/wrap-tests-with-act

    [0m [90m 53 |[39m         setOptions([])[33m;[39m
     [90m 54 |[39m       } [36mfinally[39m {
    [31m[1m>[22m[39m[90m 55 |[39m         setLoading([36mfalse[39m)[33m;[39m
     [90m    |[39m         [31m[1m^[22m[39m
     [90m 56 |[39m       }
     [90m 57 |[39m     }[33m;[39m
     [90m 58 |[39m[0m

      at node_modules/react-dom/cjs/react-dom-client.development.js:18758:19
      at runWithFiberInDEV (node_modules/react-dom/cjs/react-dom-client.development.js:874:13)
      at warnIfUpdatesNotWrappedWithActDEV (node_modules/react-dom/cjs/react-dom-client.development.js:18757:9)
      at scheduleUpdateOnFiber (node_modules/react-dom/cjs/react-dom-client.development.js:16409:11)
      at dispatchSetStateInternal (node_modules/react-dom/cjs/react-dom-client.development.js:9170:13)
      at setLoading (node_modules/react-dom/cjs/react-dom-client.development.js:9127:7)
      at loadOptions (src/useDropdownOptions.js:55:9)

    console.error
      An update to TestComponent inside a test was not wrapped in act(...).
      
      When testing, code that causes React state updates should be wrapped into act(...):
      
      act(() => {
        /* fire events that update state */
      });
      /* assert on the output */
      
      This ensures that you're testing the behavior the user would see in the browser. Learn more at https://react.dev/link/wrap-tests-with-act

    [0m [90m 48 |[39m         [90m// Handle both { options: [...] } and direct array responses[39m
     [90m 49 |[39m         [36mconst[39m optionsList [33m=[39m data[33m.[39moptions [33m||[39m data[33m;[39m
    [31m[1m>[22m[39m[90m 50 |[39m         setOptions([33mArray[39m[33m.[39misArray(optionsList) [33m?[39m optionsList [33m:[39m [])[33m;[39m
     [90m    |[39m         [31m[1m^[22m[39m
     [90m 51 |[39m       } [36mcatch[39m (err) {
     [90m 52 |[39m         setError(err[33m.[39mmessage)[33m;[39m
     [90m 53 |[39m         setOptions([])[33m;[39m[0m

      at node_modules/react-dom/cjs/react-dom-client.development.js:18758:19
      at runWithFiberInDEV (node_modules/react-dom/cjs/react-dom-client.development.js:874:13)
      at warnIfUpdatesNotWrappedWithActDEV (node_modules/react-dom/cjs/react-dom-client.development.js:18757:9)
      at scheduleUpdateOnFiber (node_modules/react-dom/cjs/react-dom-client.development.js:16409:11)
      at dispatchSetStateInternal (node_modules/react-dom/cjs/react-dom-client.development.js:9170:13)
      at setOptions (node_modules/react-dom/cjs/react-dom-client.development.js:9127:7)
      at loadOptions (src/useDropdownOptions.js:50:9)

    console.error
      An update to TestComponent inside a test was not wrapped in act(...).
      
      When testing, code that causes React state updates should be wrapped into act(...):
      
      act(() => {
        /* fire events that update state */
      });
      /* assert on the output */
      
      This ensures that you're testing the behavior the user would see in the browser. Learn more at https://react.dev/link/wrap-tests-with-act

    [0m [90m 53 |[39m         setOptions([])[33m;[39m
     [90m 54 |[39m       } [36mfinally[39m {
    [31m[1m>[22m[39m[90m 55 |[39m         setLoading([36mfalse[39m)[33m;[39m
     [90m    |[39m         [31m[1m^[22m[39m
     [90m 56 |[39m       }
     [90m 57 |[39m     }[33m;[39m
     [90m 58 |[39m[0m

      at node_modules/react-dom/cjs/react-dom-client.development.js:18758:19
      at runWithFiberInDEV (node_modules/react-dom/cjs/react-dom-client.development.js:874:13)
      at warnIfUpdatesNotWrappedWithActDEV (node_modules/react-dom/cjs/react-dom-client.development.js:18757:9)
      at scheduleUpdateOnFiber (node_modules/react-dom/cjs/react-dom-client.development.js:16409:11)
      at dispatchSetStateInternal (node_modules/react-dom/cjs/react-dom-client.development.js:9170:13)
      at setLoading (node_modules/react-dom/cjs/react-dom-client.development.js:9127:7)
      at loadOptions (src/useDropdownOptions.js:55:9)

    console.error
      An update to TestComponent inside a test was not wrapped in act(...).
      
      When testing, code that causes React state updates should be wrapped into act(...):
      
      act(() => {
        /* fire events that update state */
      });
      /* assert on the output */
      
      This ensures that you're testing the behavior the user would see in the browser. Learn more at https://react.dev/link/wrap-tests-with-act

    [0m [90m 48 |[39m         [90m// Handle both { options: [...] } and direct array responses[39m
     [90m 49 |[39m         [36mconst[39m optionsList [33m=[39m data[33m.[39moptions [33m||[39m data[33m;[39m
    [31m[1m>[22m[39m[90m 50 |[39m         setOptions([33mArray[39m[33m.[39misArray(optionsList) [33m?[39m optionsList [33m:[39m [])[33m;[39m
     [90m    |[39m         [31m[1m^[22m[39m
     [90m 51 |[39m       } [36mcatch[39m (err) {
     [90m 52 |[39m         setError(err[33m.[39mmessage)[33m;[39m
     [90m 53 |[39m         setOptions([])[33m;[39m[0m

      at node_modules/react-dom/cjs/react-dom-client.development.js:18758:19
      at runWithFiberInDEV (node_modules/react-dom/cjs/react-dom-client.development.js:874:13)
      at warnIfUpdatesNotWrappedWithActDEV (node_modules/react-dom/cjs/react-dom-client.development.js:18757:9)
      at scheduleUpdateOnFiber (node_modules/react-dom/cjs/react-dom-client.development.js:16409:11)
      at dispatchSetStateInternal (node_modules/react-dom/cjs/react-dom-client.development.js:9170:13)
      at setOptions (node_modules/react-dom/cjs/react-dom-client.development.js:9127:7)
      at loadOptions (src/useDropdownOptions.js:50:9)

    console.error
      An update to TestComponent inside a test was not wrapped in act(...).
      
      When testing, code that causes React state updates should be wrapped into act(...):
      
      act(() => {
        /* fire events that update state */
      });
      /* assert on the output */
      
      This ensures that you're testing the behavior the user would see in the browser. Learn more at https://react.dev/link/wrap-tests-with-act

    [0m [90m 53 |[39m         setOptions([])[33m;[39m
     [90m 54 |[39m       } [36mfinally[39m {
    [31m[1m>[22m[39m[90m 55 |[39m         setLoading([36mfalse[39m)[33m;[39m
     [90m    |[39m         [31m[1m^[22m[39m
     [90m 56 |[39m       }
     [90m 57 |[39m     }[33m;[39m
     [90m 58 |[39m[0m

      at node_modules/react-dom/cjs/react-dom-client.development.js:18758:19
      at runWithFiberInDEV (node_modules/react-dom/cjs/react-dom-client.development.js:874:13)
      at warnIfUpdatesNotWrappedWithActDEV (node_modules/react-dom/cjs/react-dom-client.development.js:18757:9)
      at scheduleUpdateOnFiber (node_modules/react-dom/cjs/react-dom-client.development.js:16409:11)
      at dispatchSetStateInternal (node_modules/react-dom/cjs/react-dom-client.development.js:9170:13)
      at setLoading (node_modules/react-dom/cjs/react-dom-client.development.js:9127:7)
      at loadOptions (src/useDropdownOptions.js:55:9)

    console.error
      An update to TestComponent inside a test was not wrapped in act(...).
      
      When testing, code that causes React state updates should be wrapped into act(...):
      
      act(() => {
        /* fire events that update state */
      });
      /* assert on the output */
      
      This ensures that you're testing the behavior the user would see in the browser. Learn more at https://react.dev/link/wrap-tests-with-act

    [0m [90m 48 |[39m         [90m// Handle both { options: [...] } and direct array responses[39m
     [90m 49 |[39m         [36mconst[39m optionsList [33m=[39m data[33m.[39moptions [33m||[39m data[33m;[39m
    [31m[1m>[22m[39m[90m 50 |[39m         setOptions([33mArray[39m[33m.[39misArray(optionsList) [33m?[39m optionsList [33m:[39m [])[33m;[39m
     [90m    |[39m         [31m[1m^[22m[39m
     [90m 51 |[39m       } [36mcatch[39m (err) {
     [90m 52 |[39m         setError(err[33m.[39mmessage)[33m;[39m
     [90m 53 |[39m         setOptions([])[33m;[39m[0m

      at node_modules/react-dom/cjs/react-dom-client.development.js:18758:19
      at runWithFiberInDEV (node_modules/react-dom/cjs/react-dom-client.development.js:874:13)
      at warnIfUpdatesNotWrappedWithActDEV (node_modules/react-dom/cjs/react-dom-client.development.js:18757:9)
      at scheduleUpdateOnFiber (node_modules/react-dom/cjs/react-dom-client.development.js:16409:11)
      at dispatchSetStateInternal (node_modules/react-dom/cjs/react-dom-client.development.js:9170:13)
      at setOptions (node_modules/react-dom/cjs/react-dom-client.development.js:9127:7)
      at loadOptions (src/useDropdownOptions.js:50:9)

    console.error
      An update to TestComponent inside a test was not wrapped in act(...).
      
      When testing, code that causes React state updates should be wrapped into act(...):
      
      act(() => {
        /* fire events that update state */
      });
      /* assert on the output */
      
      This ensures that you're testing the behavior the user would see in the browser. Learn more at https://react.dev/link/wrap-tests-with-act

    [0m [90m 53 |[39m         setOptions([])[33m;[39m
     [90m 54 |[39m       } [36mfinally[39m {
    [31m[1m>[22m[39m[90m 55 |[39m         setLoading([36mfalse[39m)[33m;[39m
     [90m    |[39m         [31m[1m^[22m[39m
     [90m 56 |[39m       }
     [90m 57 |[39m     }[33m;[39m
     [90m 58 |[39m[0m

      at node_modules/react-dom/cjs/react-dom-client.development.js:18758:19
      at runWithFiberInDEV (node_modules/react-dom/cjs/react-dom-client.development.js:874:13)
      at warnIfUpdatesNotWrappedWithActDEV (node_modules/react-dom/cjs/react-dom-client.development.js:18757:9)
      at scheduleUpdateOnFiber (node_modules/react-dom/cjs/react-dom-client.development.js:16409:11)
      at dispatchSetStateInternal (node_modules/react-dom/cjs/react-dom-client.development.js:9170:13)
      at setLoading (node_modules/react-dom/cjs/react-dom-client.development.js:9127:7)
      at loadOptions (src/useDropdownOptions.js:55:9)

    console.error
      An update to TestComponent inside a test was not wrapped in act(...).
      
      When testing, code that causes React state updates should be wrapped into act(...):
      
      act(() => {
        /* fire events that update state */
      });
      /* assert on the output */
      
      This ensures that you're testing the behavior the user would see in the browser. Learn more at https://react.dev/link/wrap-tests-with-act

    [0m [90m 48 |[39m         [90m// Handle both { options: [...] } and direct array responses[39m
     [90m 49 |[39m         [36mconst[39m optionsList [33m=[39m data[33m.[39moptions [33m||[39m data[33m;[39m
    [31m[1m>[22m[39m[90m 50 |[39m         setOptions([33mArray[39m[33m.[39misArray(optionsList) [33m?[39m optionsList [33m:[39m [])[33m;[39m
     [90m    |[39m         [31m[1m^[22m[39m
     [90m 51 |[39m       } [36mcatch[39m (err) {
     [90m 52 |[39m         setError(err[33m.[39mmessage)[33m;[39m
     [90m 53 |[39m         setOptions([])[33m;[39m[0m

      at node_modules/react-dom/cjs/react-dom-client.development.js:18758:19
      at runWithFiberInDEV (node_modules/react-dom/cjs/react-dom-client.development.js:874:13)
      at warnIfUpdatesNotWrappedWithActDEV (node_modules/react-dom/cjs/react-dom-client.development.js:18757:9)
      at scheduleUpdateOnFiber (node_modules/react-dom/cjs/react-dom-client.development.js:16409:11)
      at dispatchSetStateInternal (node_modules/react-dom/cjs/react-dom-client.development.js:9170:13)
      at setOptions (node_modules/react-dom/cjs/react-dom-client.development.js:9127:7)
      at loadOptions (src/useDropdownOptions.js:50:9)

    console.error
      An update to TestComponent inside a test was not wrapped in act(...).
      
      When testing, code that causes React state updates should be wrapped into act(...):
      
      act(() => {
        /* fire events that update state */
      });
      /* assert on the output */
      
      This ensures that you're testing the behavior the user would see in the browser. Learn more at https://react.dev/link/wrap-tests-with-act

    [0m [90m 53 |[39m         setOptions([])[33m;[39m
     [90m 54 |[39m       } [36mfinally[39m {
    [31m[1m>[22m[39m[90m 55 |[39m         setLoading([36mfalse[39m)[33m;[39m
     [90m    |[39m         [31m[1m^[22m[39m
     [90m 56 |[39m       }
     [90m 57 |[39m     }[33m;[39m
     [90m 58 |[39m[0m

      at node_modules/react-dom/cjs/react-dom-client.development.js:18758:19
      at runWithFiberInDEV (node_modules/react-dom/cjs/react-dom-client.development.js:874:13)
      at warnIfUpdatesNotWrappedWithActDEV (node_modules/react-dom/cjs/react-dom-client.development.js:18757:9)
      at scheduleUpdateOnFiber (node_modules/react-dom/cjs/react-dom-client.development.js:16409:11)
      at dispatchSetStateInternal (node_modules/react-dom/cjs/react-dom-client.development.js:9170:13)
      at setLoading (node_modules/react-dom/cjs/react-dom-client.development.js:9127:7)
      at loadOptions (src/useDropdownOptions.js:55:9)

PASS src/GeoMap.test.jsx
  ● Console

    console.error
      `ReactDOMTestUtils.act` is deprecated in favor of `React.act`. Import `act` from `react` instead of `react-dom/test-utils`. See https://react.dev/warnings/react-dom-test-utils for more info.

    [0m [90m 47 |[39m     ][33m;[39m
     [90m 48 |[39m
    [31m[1m>[22m[39m[90m 49 |[39m     render(
     [90m    |[39m           [31m[1m^[22m[39m
     [90m 50 |[39m       [33m<[39m[33mGeoMap[39m
     [90m 51 |[39m         selectedState[33m=[39m[32m"NY"[39m
     [90m 52 |[39m         cities[33m=[39m{cities}[0m

      at Object.<anonymous>.process.env.NODE_ENV.exports.act (node_modules/react-dom/cjs/react-dom-test-utils.development.js:19:17)
      at node_modules/@testing-library/react/dist/act-compat.js:63:25
      at renderRoot (node_modules/@testing-library/react/dist/pure.js:159:26)
      at render (node_modules/@testing-library/react/dist/pure.js:246:10)
      at Object.<anonymous> (src/GeoMap.test.jsx:49:11)

PASS src/AppComponents.test.js
  ● Console

    console.error
      `ReactDOMTestUtils.act` is deprecated in favor of `React.act`. Import `act` from `react` instead of `react-dom/test-utils`. See https://react.dev/warnings/react-dom-test-utils for more info.

    [0m [90m 30 |[39m describe([32m'Card Component'[39m[33m,[39m () [33m=>[39m {
     [90m 31 |[39m   test([32m'renders card with title'[39m[33m,[39m () [33m=>[39m {
    [31m[1m>[22m[39m[90m 32 |[39m     render([33m<[39m[33mCard[39m title[33m=[39m[32m"Test Card"[39m [33m/[39m[33m>[39m)[33m;[39m
     [90m    |[39m           [31m[1m^[22m[39m
     [90m 33 |[39m     expect(screen[33m.[39mgetByText([32m'Test Card'[39m))[33m.[39mtoBeInTheDocument()[33m;[39m
     [90m 34 |[39m   })[33m;[39m
     [90m 35 |[39m[0m

      at Object.<anonymous>.process.env.NODE_ENV.exports.act (node_modules/react-dom/cjs/react-dom-test-utils.development.js:19:17)
      at node_modules/@testing-library/react/dist/act-compat.js:63:25
      at renderRoot (node_modules/@testing-library/react/dist/pure.js:159:26)
      at render (node_modules/@testing-library/react/dist/pure.js:246:10)
      at Object.<anonymous> (src/AppComponents.test.js:32:11)

PASS src/HealthBadge.test.js
  ● Console

    console.error
      `ReactDOMTestUtils.act` is deprecated in favor of `React.act`. Import `act` from `react` instead of `react-dom/test-utils`. See https://react.dev/warnings/react-dom-test-utils for more info.

    [0m [90m 23 |[39m describe([32m'HealthBadge Component'[39m[33m,[39m () [33m=>[39m {
     [90m 24 |[39m   test([32m'renders "Online" status when ok is true'[39m[33m,[39m () [33m=>[39m {
    [31m[1m>[22m[39m[90m 25 |[39m     render([33m<[39m[33mHealthBadge[39m ok[33m=[39m{[36mtrue[39m} [33m/[39m[33m>[39m)[33m;[39m
     [90m    |[39m           [31m[1m^[22m[39m
     [90m 26 |[39m     [36mconst[39m badge [33m=[39m screen[33m.[39mgetByText([35m/✅ Online/i[39m)[33m;[39m
     [90m 27 |[39m     expect(badge)[33m.[39mtoBeInTheDocument()[33m;[39m
     [90m 28 |[39m   })[33m;[39m[0m

      at Object.<anonymous>.process.env.NODE_ENV.exports.act (node_modules/react-dom/cjs/react-dom-test-utils.development.js:19:17)
      at node_modules/@testing-library/react/dist/act-compat.js:63:25
      at renderRoot (node_modules/@testing-library/react/dist/pure.js:159:26)
      at render (node_modules/@testing-library/react/dist/pure.js:246:10)
      at Object.<anonymous> (src/HealthBadge.test.js:25:11)
      at TestScheduler.scheduleTests (node_modules/@jest/core/build/TestScheduler.js:333:13)
      at runJest (node_modules/@jest/core/build/runJest.js:404:19)
      at _run10000 (node_modules/@jest/core/build/cli/index.js:320:7)
      at runCLI (node_modules/@jest/core/build/cli/index.js:173:3)


Test Suites: 1 failed, 9 passed, 10 total
Tests:       3 failed, 79 passed, 82 total
Snapshots:   0 total
Time:        6.738 s, estimated 30 s
Ran all test suites.
npm ERR! Test failed.  See above for more details.
